Component: ARM Compiler 5.05 update 1 (build 106) Tool: armlink [4d0efa]

==============================================================================

Section Cross References

    startup_stm32f407xx.o(STACK) refers (Special) to heapauxi.o(.text) for __use_two_region_memory
    startup_stm32f407xx.o(HEAP) refers (Special) to heapauxi.o(.text) for __use_two_region_memory
    startup_stm32f407xx.o(RESET) refers (Special) to heapauxi.o(.text) for __use_two_region_memory
    startup_stm32f407xx.o(RESET) refers to startup_stm32f407xx.o(STACK) for __initial_sp
    startup_stm32f407xx.o(RESET) refers to startup_stm32f407xx.o(.text) for Reset_Handler
    startup_stm32f407xx.o(RESET) refers to stm32f4xx_it.o(i.NMI_Handler) for NMI_Handler
    startup_stm32f407xx.o(RESET) refers to stm32f4xx_it.o(i.HardFault_Handler) for HardFault_Handler
    startup_stm32f407xx.o(RESET) refers to stm32f4xx_it.o(i.MemManage_Handler) for MemManage_Handler
    startup_stm32f407xx.o(RESET) refers to stm32f4xx_it.o(i.BusFault_Handler) for BusFault_Handler
    startup_stm32f407xx.o(RESET) refers to stm32f4xx_it.o(i.UsageFault_Handler) for UsageFault_Handler
    startup_stm32f407xx.o(RESET) refers to stm32f4xx_it.o(i.SVC_Handler) for SVC_Handler
    startup_stm32f407xx.o(RESET) refers to stm32f4xx_it.o(i.DebugMon_Handler) for DebugMon_Handler
    startup_stm32f407xx.o(RESET) refers to stm32f4xx_it.o(i.PendSV_Handler) for PendSV_Handler
    startup_stm32f407xx.o(RESET) refers to stm32f4xx_it.o(i.SysTick_Handler) for SysTick_Handler
    startup_stm32f407xx.o(RESET) refers to stm32f4xx_it.o(i.USART1_IRQHandler) for USART1_IRQHandler
    startup_stm32f407xx.o(RESET) refers to stm32f4xx_it.o(i.DMA2_Stream2_IRQHandler) for DMA2_Stream2_IRQHandler
    startup_stm32f407xx.o(RESET) refers to stm32f4xx_it.o(i.DMA2_Stream7_IRQHandler) for DMA2_Stream7_IRQHandler
    startup_stm32f407xx.o(.text) refers (Special) to heapauxi.o(.text) for __use_two_region_memory
    startup_stm32f407xx.o(.text) refers to system_stm32f4xx.o(i.SystemInit) for SystemInit
    startup_stm32f407xx.o(.text) refers to __main.o(!!!main) for __main
    startup_stm32f407xx.o(.text) refers to startup_stm32f407xx.o(HEAP) for Heap_Mem
    startup_stm32f407xx.o(.text) refers to startup_stm32f407xx.o(STACK) for Stack_Mem
    main.o(i.SystemClock_Config) refers to rt_memclr_w.o(.text) for __aeabi_memclr4
    main.o(i.SystemClock_Config) refers to stm32f4xx_hal_rcc.o(i.HAL_RCC_OscConfig) for HAL_RCC_OscConfig
    main.o(i.SystemClock_Config) refers to stm32f4xx_hal_rcc.o(i.HAL_RCC_ClockConfig) for HAL_RCC_ClockConfig
    main.o(i.main) refers to stm32f4xx_hal.o(i.HAL_Init) for HAL_Init
    main.o(i.main) refers to main.o(i.SystemClock_Config) for SystemClock_Config
    main.o(i.main) refers to gpio.o(i.MX_GPIO_Init) for MX_GPIO_Init
    main.o(i.main) refers to dma.o(i.MX_DMA_Init) for MX_DMA_Init
    main.o(i.main) refers to spi.o(i.MX_SPI1_Init) for MX_SPI1_Init
    main.o(i.main) refers to usart.o(i.MX_USART1_UART_Init) for MX_USART1_UART_Init
    main.o(i.main) refers to uart_dma.o(i.StartUartRxDMA) for StartUartRxDMA
    main.o(i.main) refers to spi.o(i.Flash_TestRead) for Flash_TestRead
    main.o(i.main) refers to w25flash.o(i.Flash_ReadID) for Flash_ReadID
    main.o(i.main) refers to uart_dma.o(i.USB_DMA_printf) for USB_DMA_printf
    main.o(i.main) refers to stm32f4xx_hal.o(i.HAL_Delay) for HAL_Delay
    main.o(i.main) refers to spi.o(i.Flash_TestReadStatus) for Flash_TestReadStatus
    main.o(i.main) refers to w25flash.o(i.Flash_EraseBlock64K) for Flash_EraseBlock64K
    main.o(i.main) refers to spi.o(i.Flash_TestWrite) for Flash_TestWrite
    main.o(i.main) refers to uart_dma.o(.data) for flag
    gpio.o(i.MX_GPIO_Init) refers to rt_memclr_w.o(.text) for __aeabi_memclr4
    gpio.o(i.MX_GPIO_Init) refers to stm32f4xx_hal_gpio.o(i.HAL_GPIO_WritePin) for HAL_GPIO_WritePin
    gpio.o(i.MX_GPIO_Init) refers to stm32f4xx_hal_gpio.o(i.HAL_GPIO_Init) for HAL_GPIO_Init
    dma.o(i.MX_DMA_Init) refers to stm32f4xx_hal_cortex.o(i.HAL_NVIC_SetPriority) for HAL_NVIC_SetPriority
    dma.o(i.MX_DMA_Init) refers to stm32f4xx_hal_cortex.o(i.HAL_NVIC_EnableIRQ) for HAL_NVIC_EnableIRQ
    spi.o(i.Flash_TestRead) refers to w25flash.o(i.Flash_Addr_byBlockSectorPage) for Flash_Addr_byBlockSectorPage
    spi.o(i.Flash_TestRead) refers to w25flash.o(i.Flash_ReadBytes) for Flash_ReadBytes
    spi.o(i.Flash_TestRead) refers to uart_dma.o(i.USB_printf) for USB_printf
    spi.o(i.Flash_TestRead) refers to w25flash.o(i.Flash_ReadOneByte) for Flash_ReadOneByte
    spi.o(i.Flash_TestReadStatus) refers to w25flash.o(i.Flash_ReadID) for Flash_ReadID
    spi.o(i.Flash_TestReadStatus) refers to uart_dma.o(i.USB_printf) for USB_printf
    spi.o(i.Flash_TestReadStatus) refers to w25flash.o(i.Flash_ReadSR1) for Flash_ReadSR1
    spi.o(i.Flash_TestReadStatus) refers to w25flash.o(i.Flash_ReadSR2) for Flash_ReadSR2
[...]
    i.HAL_UART_TxHalfCpltCallback            0x08003ca0   Section        0  stm32f4xx_hal_uart.o(i.HAL_UART_TxHalfCpltCallback)
    i.HardFault_Handler                      0x08003ca2   Section        0  stm32f4xx_it.o(i.HardFault_Handler)
    i.MX_DMA_Init                            0x08003ca4   Section        0  dma.o(i.MX_DMA_Init)
    i.MX_GPIO_Init                           0x08003ce0   Section        0  gpio.o(i.MX_GPIO_Init)
    i.MX_SPI1_Init                           0x08003dfc   Section        0  spi.o(i.MX_SPI1_Init)
    i.MX_USART1_UART_Init                    0x08003e44   Section        0  usart.o(i.MX_USART1_UART_Init)
    i.MemManage_Handler                      0x08003e7c   Section        0  stm32f4xx_it.o(i.MemManage_Handler)
    i.NMI_Handler                            0x08003e7e   Section        0  stm32f4xx_it.o(i.NMI_Handler)
    i.PendSV_Handler                         0x08003e80   Section        0  stm32f4xx_it.o(i.PendSV_Handler)
    i.ProcessData                            0x08003e84   Section        0  uart_dma.o(i.ProcessData)
    i.SPI_EndRxTransaction                   0x08003ecc   Section        0  stm32f4xx_hal_spi.o(i.SPI_EndRxTransaction)
    SPI_EndRxTransaction                     0x08003ecd   Thumb Code    92  stm32f4xx_hal_spi.o(i.SPI_EndRxTransaction)
    i.SPI_EndRxTxTransaction                 0x08003f28   Section        0  stm32f4xx_hal_spi.o(i.SPI_EndRxTxTransaction)
    SPI_EndRxTxTransaction                   0x08003f29   Thumb Code    80  stm32f4xx_hal_spi.o(i.SPI_EndRxTxTransaction)
    i.SPI_ReceiveBytes                       0x08003f80   Section        0  w25flash.o(i.SPI_ReceiveBytes)
    i.SPI_ReceiveOneByte                     0x08003f90   Section        0  w25flash.o(i.SPI_ReceiveOneByte)
    i.SPI_TransmitBytes                      0x08003fb0   Section        0  w25flash.o(i.SPI_TransmitBytes)
    i.SPI_TransmitOneByte                    0x08003fc0   Section        0  w25flash.o(i.SPI_TransmitOneByte)
    i.SPI_WaitFlagStateUntilTimeout          0x08003fd4   Section        0  stm32f4xx_hal_spi.o(i.SPI_WaitFlagStateUntilTimeout)
    SPI_WaitFlagStateUntilTimeout            0x08003fd5   Thumb Code   148  stm32f4xx_hal_spi.o(i.SPI_WaitFlagStateUntilTimeout)
    i.SVC_Handler                            0x08004068   Section        0  stm32f4xx_it.o(i.SVC_Handler)
    i.StartUartRxDMA                         0x0800406c   Section        0  uart_dma.o(i.StartUartRxDMA)
    i.StartUartTxDMA                         0x08004080   Section        0  uart_dma.o(i.StartUartTxDMA)
    i.SysTick_Handler                        0x08004098   Section        0  stm32f4xx_it.o(i.SysTick_Handler)
    i.SystemClock_Config                     0x0800409c   Section        0  main.o(i.SystemClock_Config)
    i.SystemInit                             0x08004120   Section        0  system_stm32f4xx.o(i.SystemInit)
    i.UART_DMAAbortOnError                   0x0800413c   Section        0  stm32f4xx_hal_uart.o(i.UART_DMAAbortOnError)
    UART_DMAAbortOnError                     0x0800413d   Thumb Code    16  stm32f4xx_hal_uart.o(i.UART_DMAAbortOnError)
    i.UART_DMAError                          0x0800414c   Section        0  stm32f4xx_hal_uart.o(i.UART_DMAError)
    UART_DMAError                            0x0800414d   Thumb Code    74  stm32f4xx_hal_uart.o(i.UART_DMAError)
    i.UART_DMAReceiveCplt                    0x08004196   Section        0  stm32f4xx_hal_uart.o(i.UART_DMAReceiveCplt)
    UART_DMAReceiveCplt                      0x08004197   Thumb Code    60  stm32f4xx_hal_uart.o(i.UART_DMAReceiveCplt)
    i.UART_DMARxHalfCplt                     0x080041d2   Section        0  stm32f4xx_hal_uart.o(i.UART_DMARxHalfCplt)
    UART_DMARxHalfCplt                       0x080041d3   Thumb Code    10  stm32f4xx_hal_uart.o(i.UART_DMARxHalfCplt)
    i.UART_DMATransmitCplt                   0x080041dc   Section        0  stm32f4xx_hal_uart.o(i.UART_DMATransmitCplt)
    UART_DMATransmitCplt                     0x080041dd   Thumb Code    46  stm32f4xx_hal_uart.o(i.UART_DMATransmitCplt)
    i.UART_DMATxHalfCplt                     0x0800420a   Section        0  stm32f4xx_hal_uart.o(i.UART_DMATxHalfCplt)
    UART_DMATxHalfCplt                       0x0800420b   Thumb Code    10  stm32f4xx_hal_uart.o(i.UART_DMATxHalfCplt)
    i.UART_EndRxTransfer                     0x08004214   Section        0  stm32f4xx_hal_uart.o(i.UART_EndRxTransfer)
    UART_EndRxTransfer                       0x08004215   Thumb Code    28  stm32f4xx_hal_uart.o(i.UART_EndRxTransfer)
    i.UART_EndTxTransfer                     0x08004230   Section        0  stm32f4xx_hal_uart.o(i.UART_EndTxTransfer)
    UART_EndTxTransfer                       0x08004231   Thumb Code    18  stm32f4xx_hal_uart.o(i.UART_EndTxTransfer)
    i.UART_Receive_IT                        0x08004242   Section        0  stm32f4xx_hal_uart.o(i.UART_Receive_IT)
    UART_Receive_IT                          0x08004243   Thumb Code   150  stm32f4xx_hal_uart.o(i.UART_Receive_IT)
    i.UART_SetConfig                         0x080042d8   Section        0  stm32f4xx_hal_uart.o(i.UART_SetConfig)
    UART_SetConfig                           0x080042d9   Thumb Code   286  stm32f4xx_hal_uart.o(i.UART_SetConfig)
    i.UART_Transmit_IT                       0x08004400   Section        0  stm32f4xx_hal_uart.o(i.UART_Transmit_IT)
    UART_Transmit_IT                         0x08004401   Thumb Code    98  stm32f4xx_hal_uart.o(i.UART_Transmit_IT)
    i.UART_WaitOnFlagUntilTimeout            0x08004462   Section        0  stm32f4xx_hal_uart.o(i.UART_WaitOnFlagUntilTimeout)
    UART_WaitOnFlagUntilTimeout              0x08004463   Thumb Code   100  stm32f4xx_hal_uart.o(i.UART_WaitOnFlagUntilTimeout)
    i.USART1_IRQHandler                      0x080044c8   Section        0  stm32f4xx_it.o(i.USART1_IRQHandler)
    i.USB_DMA_printf                         0x080044e8   Section        0  uart_dma.o(i.USB_DMA_printf)
    i.USB_printf                             0x08004510   Section        0  uart_dma.o(i.USB_printf)
    i.UartRxData                             0x0800453c   Section        0  uart_dma.o(i.UartRxData)
    i.UartTxData                             0x080045b0   Section        0  uart_dma.o(i.UartTxData)
    i.UsageFault_Handler                     0x080045dc   Section        0  stm32f4xx_it.o(i.UsageFault_Handler)
    i.__ARM_fpclassify                       0x080045de   Section        0  fpclassify.o(i.__ARM_fpclassify)
    i.__NVIC_SetPriority                     0x0800460e   Section        0  stm32f4xx_hal_cortex.o(i.__NVIC_SetPriority)
    __NVIC_SetPriority                       0x0800460f   Thumb Code    32  stm32f4xx_hal_cortex.o(i.__NVIC_SetPriority)
    i._is_digit                              0x0800462e   Section        0  __printf_wp.o(i._is_digit)
    i.main                                   0x0800463c   Section        0  main.o(i.main)
    i.str2double                             0x080046ec   Section        0  numandstr.o(i.str2double)
    i.str2int                                0x080047c4   Section        0  numandstr.o(i.str2int)
    locale$$code                             0x08004808   Section       44  lc_ctype_c.o(locale$$code)
    locale$$code                             0x08004834   Section       44  lc_numeric_c.o(locale$$code)
    x$fpl$ddiv                               0x08004860   Section      688  ddiv.o(x$fpl$ddiv)
    $v0                                      0x08004860   Number         0  ddiv.o(x$fpl$ddiv)
    ddiv_entry                               0x08004867   Thumb Code     0  ddiv.o(x$fpl$ddiv)
    x$fpl$dflt                               0x08004b10   Section       46  dflt_clz.o(x$fpl$dflt)
    $v0                                      0x08004b10   Number         0  dflt_clz.o(x$fpl$dflt)
    x$fpl$dnaninf                            0x08004b3e   Section      156  dnaninf.o(x$fpl$dnaninf)
    $v0                                      0x08004b3e   Number         0  dnaninf.o(x$fpl$dnaninf)
    x$fpl$dretinf                            0x08004bda   Section       12  dretinf.o(x$fpl$dretinf)
    $v0                                      0x08004bda   Number         0  dretinf.o(x$fpl$dretinf)
    x$fpl$fpinit                             0x08004be6   Section       10  fpinit.o(x$fpl$fpinit)
    $v0                                      0x08004be6   Number         0  fpinit.o(x$fpl$fpinit)
    x$fpl$printf1                            0x08004bf0   Section        4  printf1.o(x$fpl$printf1)
    $v0                                      0x08004bf0   Number         0  printf1.o(x$fpl$printf1)
    x$fpl$printf2                            0x08004bf4   Section        4  printf2.o(x$fpl$printf2)
    $v0                                      0x08004bf4   Number         0  printf2.o(x$fpl$printf2)
    .constdata                               0x08004bf8   Section        8  stm32f4xx_hal_dma.o(.constdata)
    x$fpl$usenofp                            0x08004bf8   Section        0  usenofp.o(x$fpl$usenofp)
    flagBitshiftOffset                       0x08004bf8   Data           8  stm32f4xx_hal_dma.o(.constdata)
    .constdata                               0x08004c00   Section       16  system_stm32f4xx.o(.constdata)
    .constdata                               0x08004c10   Section        8  system_stm32f4xx.o(.constdata)
    .constdata                               0x08004c18   Section        8  _printf_wctomb.o(.constdata)
    initial_mbstate                          0x08004c18   Data           8  _printf_wctomb.o(.constdata)
    .constdata                               0x08004c20   Section       40  _printf_hex_int_ll_ptr.o(.constdata)
    uc_hextab                                0x08004c20   Data          20  _printf_hex_int_ll_ptr.o(.constdata)
    lc_hextab                                0x08004c34   Data          20  _printf_hex_int_ll_ptr.o(.constdata)
    .constdata                               0x08004c48   Section       17  __printf_flags_ss_wp.o(.constdata)
    maptable                                 0x08004c48   Data          17  __printf_flags_ss_wp.o(.constdata)
    .constdata                               0x08004c59   Section       38  _printf_fp_hex.o(.constdata)
    lc_hextab                                0x08004c59   Data          19  _printf_fp_hex.o(.constdata)
    uc_hextab                                0x08004c6c   Data          19  _printf_fp_hex.o(.constdata)
    .constdata                               0x08004c80   Section      148  bigflt0.o(.constdata)
    tenpwrs_x                                0x08004c80   Data          60  bigflt0.o(.constdata)
    tenpwrs_i                                0x08004cbc   Data          64  bigflt0.o(.constdata)
    locale$$data                             0x08004d34   Section      272  lc_ctype_c.o(locale$$data)
    __lcctype_c_name                         0x08004d38   Data           2  lc_ctype_c.o(locale$$data)
    __lcctype_c_start                        0x08004d40   Data           0  lc_ctype_c.o(locale$$data)
    locale$$data                             0x08004e44   Section       28  lc_numeric_c.o(locale$$data)
    __lcctype_c_end                          0x08004e44   Data           0  lc_ctype_c.o(locale$$data)
    __lcnum_c_name                           0x08004e48   Data           2  lc_numeric_c.o(locale$$data)
    __lcnum_c_start                          0x08004e50   Data           0  lc_numeric_c.o(locale$$data)
    __lcnum_c_point                          0x08004e5c   Data           0  lc_numeric_c.o(locale$$data)
    __lcnum_c_thousands                      0x08004e5e   Data           0  lc_numeric_c.o(locale$$data)
    __lcnum_c_grouping                       0x08004e5f   Data           0  lc_numeric_c.o(locale$$data)
    __lcnum_c_end                            0x08004e60   Data           0  lc_numeric_c.o(locale$$data)
    .data                                    0x20000000   Section       48  uart_dma.o(.data)
    .data                                    0x20000030   Section       12  stm32f4xx_hal.o(.data)
    .data                                    0x2000003c   Section        4  system_stm32f4xx.o(.data)
    .bss                                     0x20000040   Section       88  spi.o(.bss)
    .bss                                     0x20000098   Section      256  usart.o(.bss)
    .bss                                     0x20000198   Section     2256  uart_dma.o(.bss)
    .bss                                     0x20000a68   Section       96  libspace.o(.bss)
    HEAP                                     0x20000ac8   Section      512  startup_stm32f407xx.o(HEAP)
    Heap_Mem                                 0x20000ac8   Data         512  startup_stm32f407xx.o(HEAP)
    STACK                                    0x20000cc8   Section     1024  startup_stm32f407xx.o(STACK)
    Stack_Mem                                0x20000cc8   Data        1024  startup_stm32f407xx.o(STACK)
    __initial_sp                             0x200010c8   Data           0  startup_stm32f407xx.o(STACK)

    Global Symbols

    Symbol Name                              Value     Ov Type        Size  Object(Section)

    BuildAttributes$$THM_ISAv4$E$P$D$K$B$S$7EM$VFPi3$EXTD16$VFPS$VFMA$PE$A:L22UL41UL21$X:L11$S22US41US21$IEEE1$IW$USESV6$~STKCKD$USESV7$~SHL$OTIME$ROPI$IEEEJ$EBA8$UX$STANDARDLIB$REQ8$PRES8$EABIv2 0x00000000   Number         0  anon$$obj.o ABSOLUTE
    __ARM_use_no_argv                        0x00000000   Number         0  main.o ABSOLUTE
    _printf_flags                            0x00000000   Number         0  printf_stubs.o ABSOLUTE
    _printf_return_value                     0x00000000   Number         0  printf_stubs.o ABSOLUTE
    _printf_sizespec                         0x00000000   Number         0  printf_stubs.o ABSOLUTE
    _printf_widthprec                        0x00000000   Number         0  printf_stubs.o ABSOLUTE
    __ARM_exceptions_init                     - Undefined Weak Reference
    __alloca_initialize                       - Undefined Weak Reference
    __arm_preinit_                            - Undefined Weak Reference
    __cpp_initialize__aeabi_                  - Undefined Weak Reference
    __cxa_finalize                            - Undefined Weak Reference
    __sigvec_lookup                           - Undefined Weak Reference
    _atexit_init                              - Undefined Weak Reference
    _call_atexit_fns                          - Undefined Weak Reference
    _clock_init                               - Undefined Weak Reference
    _fp_trap_init                             - Undefined Weak Reference
    _fp_trap_shutdown                         - Undefined Weak Reference
    _get_lc_collate                           - Undefined Weak Reference
    _get_lc_monetary                          - Undefined Weak Reference
    _get_lc_time                              - Undefined Weak Reference
    _getenv_init                              - Undefined Weak Reference
    _handle_redirection                       - Undefined Weak Reference
    _init_alloc                               - Undefined Weak Reference
    _init_user_alloc                          - Undefined Weak Reference
    _initio                                   - Undefined Weak Reference
    _printf_mbtowc                            - Undefined Weak Reference
    _printf_wc                                - Undefined Weak Reference
    _rand_init                                - Undefined Weak Reference
    _signal_finish                            - Undefined Weak Reference
    _signal_init                              - Undefined Weak Reference
    _terminate_alloc                          - Undefined Weak Reference
    _terminate_user_alloc                     - Undefined Weak Reference
    _terminateio                              - Undefined Weak Reference
    __Vectors_Size                           0x00000188   Number         0  startup_stm32f407xx.o ABSOLUTE
    __Vectors                                0x08000000   Data           4  startup_stm32f407xx.o(RESET)
    __Vectors_End                            0x08000188   Data           0  startup_stm32f407xx.o(RESET)
    __main                                   0x08000189   Thumb Code     8  __main.o(!!!main)
    __scatterload                            0x08000191   Thumb Code     0  __scatter.o(!!!scatter)
    __scatterload_rt2                        0x08000191   Thumb Code    44  __scatter.o(!!!scatter)
    __scatterload_rt2_thumb_only             0x08000191   Thumb Code     0  __scatter.o(!!!scatter)
    __scatterload_null                       0x0800019f   Thumb Code     0  __scatter.o(!!!scatter)
    __scatterload_copy                       0x080001c5   Thumb Code    26  __scatter_copy.o(!!handler_copy)
    __scatterload_zeroinit                   0x080001e1   Thumb Code    28  __scatter_zi.o(!!handler_zi)
    _printf_n                                0x080001fd   Thumb Code     0  _printf_n.o(.ARM.Collect$$_printf_percent$$00000001)
    _printf_percent                          0x080001fd   Thumb Code     0  _printf_percent.o(.ARM.Collect$$_printf_percent$$00000000)
    _printf_p                                0x08000203   Thumb Code     0  _printf_p.o(.ARM.Collect$$_printf_percent$$00000002)
    _printf_f                                0x08000209   Thumb Code     0  _printf_f.o(.ARM.Collect$$_printf_percent$$00000003)
    _printf_e                                0x0800020f   Thumb Code     0  _printf_e.o(.ARM.Collect$$_printf_percent$$00000004)
    _printf_g                                0x08000215   Thumb Code     0  _printf_g.o(.ARM.Collect$$_printf_percent$$00000005)
    _printf_a                                0x0800021b   Thumb Code     0  _printf_a.o(.ARM.Collect$$_printf_percent$$00000006)
    _printf_ll                               0x08000221   Thumb Code     0  _printf_ll.o(.ARM.Collect$$_printf_percent$$00000007)
    _printf_i                                0x0800022b   Thumb Code     0  _printf_i.o(.ARM.Collect$$_printf_percent$$00000008)
    _printf_d                                0x08000231   Thumb Code     0  _printf_d.o(.ARM.Collect$$_printf_percent$$00000009)
    _printf_u                                0x08000237   Thumb Code     0  _printf_u.o(.ARM.Collect$$_printf_percent$$0000000A)
    _printf_o                                0x0800023d   Thumb Code     0  _printf_o.o(.ARM.Collect$$_printf_percent$$0000000B)
    _printf_x                                0x08000243   Thumb Code     0  _printf_x.o(.ARM.Collect$$_printf_percent$$0000000C)
    _printf_lli                              0x08000249   Thumb Code     0  _printf_lli.o(.ARM.Collect$$_printf_percent$$0000000D)
    _printf_lld                              0x0800024f   Thumb Code     0  _printf_lld.o(.ARM.Collect$$_printf_percent$$0000000E)
    _printf_llu                              0x08000255   Thumb Code     0  _printf_llu.o(.ARM.Collect$$_printf_percent$$0000000F)
    _printf_llo                              0x0800025b   Thumb Code     0  _printf_llo.o(.ARM.Collect$$_printf_percent$$00000010)
    _printf_llx                              0x08000261   Thumb Code     0  _printf_llx.o(.ARM.Collect$$_printf_percent$$00000011)
    _printf_l                                0x08000267   Thumb Code     0  _printf_l.o(.ARM.Collect$$_printf_percent$$00000012)
    _printf_c                                0x08000271   Thumb Code     0  _printf_c.o(.ARM.Collect$$_printf_percent$$00000013)
    _printf_s                                0x08000277   Thumb Code     0  _printf_s.o(.ARM.Collect$$_printf_percent$$00000014)
    _printf_lc                               0x0800027d   Thumb Code     0  _printf_lc.o(.ARM.Collect$$_printf_percent$$00000015)
    _printf_ls                               0x08000283   Thumb Code     0  _printf_ls.o(.ARM.Collect$$_printf_percent$$00000016)
    _printf_percent_end                      0x08000289   Thumb Code     0  _printf_percent_end.o(.ARM.Collect$$_printf_percent$$00000017)
    __rt_lib_init                            0x0800028d   Thumb Code     0  libinit.o(.ARM.Collect$$libinit$$00000000)
    __rt_lib_init_fp_1                       0x0800028f   Thumb Code     0  libinit2.o(.ARM.Collect$$libinit$$00000001)
    __rt_lib_init_heap_1                     0x08000293   Thumb Code     0  libinit2.o(.ARM.Collect$$libinit$$0000000A)
    __rt_lib_init_lc_common                  0x08000293   Thumb Code     0  libinit2.o(.ARM.Collect$$libinit$$0000000F)
    __rt_lib_init_preinit_1                  0x08000293   Thumb Code     0  libinit2.o(.ARM.Collect$$libinit$$00000004)
    __rt_lib_init_rand_1                     0x08000293   Thumb Code     0  libinit2.o(.ARM.Collect$$libinit$$0000000E)
    __rt_lib_init_user_alloc_1               0x08000293   Thumb Code     0  libinit2.o(.ARM.Collect$$libinit$$0000000C)
    __rt_lib_init_lc_collate_1               0x08000299   Thumb Code     0  libinit2.o(.ARM.Collect$$libinit$$00000011)
    __rt_lib_init_lc_ctype_2                 0x08000299   Thumb Code     0  libinit2.o(.ARM.Collect$$libinit$$00000012)
    __rt_lib_init_lc_ctype_1                 0x080002a5   Thumb Code     0  libinit2.o(.ARM.Collect$$libinit$$00000013)
    __rt_lib_init_lc_monetary_1              0x080002a5   Thumb Code     0  libinit2.o(.ARM.Collect$$libinit$$00000015)
    __rt_lib_init_lc_numeric_2               0x080002a5   Thumb Code     0  libinit2.o(.ARM.Collect$$libinit$$00000016)
    __rt_lib_init_alloca_1                   0x080002af   Thumb Code     0  libinit2.o(.ARM.Collect$$libinit$$0000002E)
    __rt_lib_init_argv_1                     0x080002af   Thumb Code     0  libinit2.o(.ARM.Collect$$libinit$$0000002C)
    __rt_lib_init_atexit_1                   0x080002af   Thumb Code     0  libinit2.o(.ARM.Collect$$libinit$$0000001B)
    __rt_lib_init_clock_1                    0x080002af   Thumb Code     0  libinit2.o(.ARM.Collect$$libinit$$00000021)
    __rt_lib_init_cpp_1                      0x080002af   Thumb Code     0  libinit2.o(.ARM.Collect$$libinit$$00000032)
    __rt_lib_init_exceptions_1               0x080002af   Thumb Code     0  libinit2.o(.ARM.Collect$$libinit$$00000030)
    __rt_lib_init_fp_trap_1                  0x080002af   Thumb Code     0  libinit2.o(.ARM.Collect$$libinit$$0000001F)
    __rt_lib_init_getenv_1                   0x080002af   Thumb Code     0  libinit2.o(.ARM.Collect$$libinit$$00000023)
    __rt_lib_init_lc_numeric_1               0x080002af   Thumb Code     0  libinit2.o(.ARM.Collect$$libinit$$00000017)
    __rt_lib_init_lc_time_1                  0x080002af   Thumb Code     0  libinit2.o(.ARM.Collect$$libinit$$00000019)
    __rt_lib_init_return                     0x080002af   Thumb Code     0  libinit2.o(.ARM.Collect$$libinit$$00000033)
    __rt_lib_init_signal_1                   0x080002af   Thumb Code     0  libinit2.o(.ARM.Collect$$libinit$$0000001D)
    __rt_lib_init_stdio_1                    0x080002af   Thumb Code     0  libinit2.o(.ARM.Collect$$libinit$$00000025)
    __rt_lib_shutdown                        0x080002b1   Thumb Code     0  libshutdown.o(.ARM.Collect$$libshutdown$$00000000)
    __rt_lib_shutdown_fp_trap_1              0x080002b3   Thumb Code     0  libshutdown2.o(.ARM.Collect$$libshutdown$$00000006)
    __rt_lib_shutdown_heap_1                 0x080002b3   Thumb Code     0  libshutdown2.o(.ARM.Collect$$libshutdown$$0000000E)
    __rt_lib_shutdown_return                 0x080002b3   Thumb Code     0  libshutdown2.o(.ARM.Collect$$libshutdown$$0000000F)
    __rt_lib_shutdown_signal_1               0x080002b3   Thumb Code     0  libshutdown2.o(.ARM.Collect$$libshutdown$$00000009)
    __rt_lib_shutdown_stdio_1                0x080002b3   Thumb Code     0  libshutdown2.o(.ARM.Collect$$libshutdown$$00000003)
    __rt_lib_shutdown_user_alloc_1           0x080002b3   Thumb Code     0  libshutdown2.o(.ARM.Collect$$libshutdown$$0000000B)
    __rt_entry                               0x080002b5   Thumb Code     0  __rtentry.o(.ARM.Collect$$rtentry$$00000000)
    __rt_entry_presh_1                       0x080002b5   Thumb Code     0  __rtentry2.o(.ARM.Collect$$rtentry$$00000002)
    __rt_entry_sh                            0x080002b5   Thumb Code     0  __rtentry4.o(.ARM.Collect$$rtentry$$00000004)
    __rt_entry_li                            0x080002bb   Thumb Code     0  __rtentry2.o(.ARM.Collect$$rtentry$$0000000A)
    __rt_entry_postsh_1                      0x080002bb   Thumb Code     0  __rtentry2.o(.ARM.Collect$$rtentry$$00000009)
    __rt_entry_main                          0x080002bf   Thumb Code     0  __rtentry2.o(.ARM.Collect$$rtentry$$0000000D)
    __rt_entry_postli_1                      0x080002bf   Thumb Code     0  __rtentry2.o(.ARM.Collect$$rtentry$$0000000C)
    __rt_exit                                0x080002c7   Thumb Code     0  rtexit.o(.ARM.Collect$$rtexit$$00000000)
    __rt_exit_ls                             0x080002c9   Thumb Code     0  rtexit2.o(.ARM.Collect$$rtexit$$00000003)
    __rt_exit_prels_1                        0x080002c9   Thumb Code     0  rtexit2.o(.ARM.Collect$$rtexit$$00000002)
    __rt_exit_exit                           0x080002cd   Thumb Code     0  rtexit2.o(.ARM.Collect$$rtexit$$00000004)
    Reset_Handler                            0x080002d5   Thumb Code     8  startup_stm32f407xx.o(.text)
    ADC_IRQHandler                           0x080002ef   Thumb Code     0  startup_stm32f407xx.o(.text)
    CAN1_RX0_IRQHandler                      0x080002ef   Thumb Code     0  startup_stm32f407xx.o(.text)
    CAN1_RX1_IRQHandler                      0x080002ef   Thumb Code     0  startup_stm32f407xx.o(.text)
    CAN1_SCE_IRQHandler                      0x080002ef   Thumb Code     0  startup_stm32f407xx.o(.text)
    CAN1_TX_IRQHandler                       0x080002ef   Thumb Code     0  startup_stm32f407xx.o(.text)
    CAN2_RX0_IRQHandler                      0x080002ef   Thumb Code     0  startup_stm32f407xx.o(.text)
    CAN2_RX1_IRQHandler                      0x080002ef   Thumb Code     0  startup_stm32f407xx.o(.text)
    CAN2_SCE_IRQHandler                      0x080002ef   Thumb Code     0  startup_stm32f407xx.o(.text)
    CAN2_TX_IRQHandler                       0x080002ef   Thumb Code     0  startup_stm32f407xx.o(.text)
    DCMI_IRQHandler                          0x080002ef   Thumb Code     0  startup_stm32f407xx.o(.text)
    DMA1_Stream0_IRQHandler                  0x080002ef   Thumb Code     0  startup_stm32f407xx.o(.text)
    DMA1_Stream1_IRQHandler                  0x080002ef   Thumb Code     0  startup_stm32f407xx.o(.text)
    DMA1_Stream2_IRQHandler                  0x080002ef   Thumb Code     0  startup_stm32f407xx.o(.text)
    DMA1_Stream3_IRQHandler                  0x080002ef   Thumb Code     0  startup_stm32f407xx.o(.text)
    DMA1_Stream4_IRQHandler                  0x080002ef   Thumb Code     0  startup_stm32f407xx.o(.text)
    DMA1_Stream5_IRQHandler                  0x080002ef   Thumb Code     0  startup_stm32f407xx.o(.text)
    DMA1_Stream6_IRQHandler                  0x080002ef   Thumb Code     0  startup_stm32f407xx.o(.text)
    DMA1_Stream7_IRQHandler                  0x080002ef   Thumb Code     0  startup_stm32f407xx.o(.text)
    DMA2_Stream0_IRQHandler                  0x080002ef   Thumb Code     0  startup_stm32f407xx.o(.text)
    DMA2_Stream1_IRQHandler                  0x080002ef   Thumb Code     0  startup_stm32f407xx.o(.text)
    DMA2_Stream3_IRQHandler                  0x080002ef   Thumb Code     0  startup_stm32f407xx.o(.text)
    DMA2_Stream4_IRQHandler                  0x080002ef   Thumb Code     0  startup_stm32f407xx.o(.text)
    DMA2_Stream5_IRQHandler                  0x080002ef   Thumb Code     0  startup_stm32f407xx.o(.text)
    DMA2_Stream6_IRQHandler                  0x080002ef   Thumb Code     0  startup_stm32f407xx.o(.text)
    ETH_IRQHandler                           0x080002ef   Thumb Code     0  startup_stm32f407xx.o(.text)
    ETH_WKUP_IRQHandler                      0x080002ef   Thumb Code     0  startup_stm32f407xx.o(.text)
    EXTI0_IRQHandler                         0x080002ef   Thumb Code     0  startup_stm32f407xx.o(.text)
    EXTI15_10_IRQHandler                     0x080002ef   Thumb Code     0  startup_stm32f407xx.o(.text)
    EXTI1_IRQHandler                         0x080002ef   Thumb Code     0  startup_stm32f407xx.o(.text)
    EXTI2_IRQHandler                         0x080002ef   Thumb Code     0  startup_stm32f407xx.o(.text)
    EXTI3_IRQHandler                         0x080002ef   Thumb Code     0  startup_stm32f407xx.o(.text)
    EXTI4_IRQHandler                         0x080002ef   Thumb Code     0  startup_stm32f407xx.o(.text)
    EXTI9_5_IRQHandler                       0x080002ef   Thumb Code     0  startup_stm32f407xx.o(.text)
    FLASH_IRQHandler                         0x080002ef   Thumb Code     0  startup_stm32f407xx.o(.text)
    FMC_IRQHandler                           0x080002ef   Thumb Code     0  startup_stm32f407xx.o(.text)
    FPU_IRQHandler                           0x080002ef   Thumb Code     0  startup_stm32f407xx.o(.text)
    HASH_RNG_IRQHandler                      0x080002ef   Thumb Code     0  startup_stm32f407xx.o(.text)
    I2C1_ER_IRQHandler                       0x080002ef   Thumb Code     0  startup_stm32f407xx.o(.text)
    I2C1_EV_IRQHandler                       0x080002ef   Thumb Code     0  startup_stm32f407xx.o(.text)
    I2C2_ER_IRQHandler                       0x080002ef   Thumb Code     0  startup_stm32f407xx.o(.text)
    I2C2_EV_IRQHandler                       0x080002ef   Thumb Code     0  startup_stm32f407xx.o(.text)
    I2C3_ER_IRQHandler                       0x080002ef   Thumb Code     0  startup_stm32f407xx.o(.text)
    I2C3_EV_IRQHandler                       0x080002ef   Thumb Code     0  startup_stm32f407xx.o(.text)
    OTG_FS_IRQHandler                        0x080002ef   Thumb Code     0  startup_stm32f407xx.o(.text)
    OTG_FS_WKUP_IRQHandler                   0x080002ef   Thumb Code     0  startup_stm32f407xx.o(.text)
    OTG_HS_EP1_IN_IRQHandler                 0x080002ef   Thumb Code     0  startup_stm32f407xx.o(.text)
    OTG_HS_EP1_OUT_IRQHandler                0x080002ef   Thumb Code     0  startup_stm32f407xx.o(.text)
    OTG_HS_IRQHandler                        0x080002ef   Thumb Code     0  startup_stm32f407xx.o(.text)
    OTG_HS_WKUP_IRQHandler                   0x080002ef   Thumb Code     0  startup_stm32f407xx.o(.text)
    PVD_IRQHandler                           0x080002ef   Thumb Code     0  startup_stm32f407xx.o(.text)
    RCC_IRQHandler                           0x080002ef   Thumb Code     0  startup_stm32f407xx.o(.text)
    RTC_Alarm_IRQHandler                     0x080002ef   Thumb Code     0  startup_stm32f407xx.o(.text)
    RTC_WKUP_IRQHandler                      0x080002ef   Thumb Code     0  startup_stm32f407xx.o(.text)
    SDIO_IRQHandler                          0x080002ef   Thumb Code     0  startup_stm32f407xx.o(.text)
    SPI1_IRQHandler                          0x080002ef   Thumb Code     0  startup_stm32f407xx.o(.text)
    SPI2_IRQHandler                          0x080002ef   Thumb Code     0  startup_stm32f407xx.o(.text)
    SPI3_IRQHandler                          0x080002ef   Thumb Code     0  startup_stm32f407xx.o(.text)
    TAMP_STAMP_IRQHandler                    0x080002ef   Thumb Code     0  startup_stm32f407xx.o(.text)
    TIM1_BRK_TIM9_IRQHandler                 0x080002ef   Thumb Code     0  startup_stm32f407xx.o(.text)
    TIM1_CC_IRQHandler                       0x080002ef   Thumb Code     0  startup_stm32f407xx.o(.text)
    TIM1_TRG_COM_TIM11_IRQHandler            0x080002ef   Thumb Code     0  startup_stm32f407xx.o(.text)
    TIM1_UP_TIM10_IRQHandler                 0x080002ef   Thumb Code     0  startup_stm32f407xx.o(.text)
    TIM2_IRQHandler                          0x080002ef   Thumb Code     0  startup_stm32f407xx.o(.text)
    TIM3_IRQHandler                          0x080002ef   Thumb Code     0  startup_stm32f407xx.o(.text)
    TIM4_IRQHandler                          0x080002ef   Thumb Code     0  startup_stm32f407xx.o(.text)
    TIM5_IRQHandler                          0x080002ef   Thumb Code     0  startup_stm32f407xx.o(.text)
    TIM6_DAC_IRQHandler                      0x080002ef   Thumb Code     0  startup_stm32f407xx.o(.text)
    TIM7_IRQHandler                          0x080002ef   Thumb Code     0  startup_stm32f407xx.o(.text)
    TIM8_BRK_TIM12_IRQHandler                0x080002ef   Thumb Code     0  startup_stm32f407xx.o(.text)
    TIM8_CC_IRQHandler                       0x080002ef   Thumb Code     0  startup_stm32f407xx.o(.text)
    TIM8_TRG_COM_TIM14_IRQHandler            0x080002ef   Thumb Code     0  startup_stm32f407xx.o(.text)
    TIM8_UP_TIM13_IRQHandler                 0x080002ef   Thumb Code     0  startup_stm32f407xx.o(.text)
    UART4_IRQHandler                         0x080002ef   Thumb Code     0  startup_stm32f407xx.o(.text)
    UART5_IRQHandler                         0x080002ef   Thumb Code     0  startup_stm32f407xx.o(.text)
    USART2_IRQHandler                        0x080002ef   Thumb Code     0  startup_stm32f407xx.o(.text)
    USART3_IRQHandler                        0x080002ef   Thumb Code     0  startup_stm32f407xx.o(.text)
    USART6_IRQHandler                        0x080002ef   Thumb Code     0  startup_stm32f407xx.o(.text)
    WWDG_IRQHandler                          0x080002ef   Thumb Code     0  startup_stm32f407xx.o(.text)
    __user_initial_stackheap                 0x080002f1   Thumb Code     0  startup_stm32f407xx.o(.text)
    __aeabi_uldivmod                         0x08000315   Thumb Code     0  lludivv7m.o(.text)
    _ll_udiv                                 0x08000315   Thumb Code   238  lludivv7m.o(.text)
    vsnprintf                                0x08000405   Thumb Code    48  vsnprintf.o(.text)
    atoi                                     0x08000439   Thumb Code    26  atoi.o(.text)
    strlen                                   0x08000453   Thumb Code    62  strlen.o(.text)
    __aeabi_memcpy                           0x08000491   Thumb Code     0  rt_memcpy_v6.o(.text)
    __rt_memcpy                              0x08000491   Thumb Code   138  rt_memcpy_v6.o(.text)
    _memcpy_lastbytes                        0x080004f7   Thumb Code     0  rt_memcpy_v6.o(.text)
    __aeabi_memcpy4                          0x0800051b   Thumb Code     0  rt_memcpy_w.o(.text)
    __aeabi_memcpy8                          0x0800051b   Thumb Code     0  rt_memcpy_w.o(.text)
    __rt_memcpy_w                            0x0800051b   Thumb Code   100  rt_memcpy_w.o(.text)
    _memcpy_lastbytes_aligned                0x08000563   Thumb Code     0  rt_memcpy_w.o(.text)
    __aeabi_memclr                           0x0800057f   Thumb Code     0  rt_memclr.o(.text)
    __rt_memclr                              0x0800057f   Thumb Code    68  rt_memclr.o(.text)
    _memset                                  0x08000583   Thumb Code     0  rt_memclr.o(.text)
    __aeabi_memclr4                          0x080005c3   Thumb Code     0  rt_memclr_w.o(.text)
    __aeabi_memclr8                          0x080005c3   Thumb Code     0  rt_memclr_w.o(.text)
    __rt_memclr_w                            0x080005c3   Thumb Code    78  rt_memclr_w.o(.text)
    _memset_w                                0x080005c7   Thumb Code     0  rt_memclr_w.o(.text)
    __use_two_region_memory                  0x08000611   Thumb Code     2  heapauxi.o(.text)
    __rt_heap_escrow$2region                 0x08000613   Thumb Code     2  heapauxi.o(.text)
    __rt_heap_expand$2region                 0x08000615   Thumb Code     2  heapauxi.o(.text)
    __aeabi_errno_addr                       0x08000619   Thumb Code     8  rt_errno_addr_intlibspace.o(.text)
    __errno$intlibspace                      0x08000619   Thumb Code     0  rt_errno_addr_intlibspace.o(.text)
    __rt_errno_addr$intlibspace              0x08000619   Thumb Code     0  rt_errno_addr_intlibspace.o(.text)
    _printf_pre_padding                      0x08000621   Thumb Code    44  _printf_pad.o(.text)
    _printf_post_padding                     0x0800064d   Thumb Code    34  _printf_pad.o(.text)
    _printf_truncate_signed                  0x0800066f   Thumb Code    18  _printf_truncate.o(.text)
    _printf_truncate_unsigned                0x08000681   Thumb Code    18  _printf_truncate.o(.text)
    _printf_str                              0x08000693   Thumb Code    82  _printf_str.o(.text)
    _printf_int_dec                          0x080006e5   Thumb Code   104  _printf_dec.o(.text)
    _printf_charcount                        0x0800075d   Thumb Code    40  _printf_charcount.o(.text)
    _printf_char_common                      0x0800078f   Thumb Code    32  _printf_char_common.o(.text)
    _sputc                                   0x080007b5   Thumb Code    10  _sputc.o(.text)
    _snputc                                  0x080007bf   Thumb Code    16  _snputc.o(.text)
    _printf_wctomb                           0x080007d1   Thumb Code   182  _printf_wctomb.o(.text)
    _printf_longlong_dec                     0x0800088d   Thumb Code   108  _printf_longlong_dec.o(.text)
    _printf_longlong_oct                     0x08000909   Thumb Code    68  _printf_oct_int_ll.o(.text)
    _printf_int_oct                          0x0800094d   Thumb Code    24  _printf_oct_int_ll.o(.text)
    _printf_ll_oct                           0x08000965   Thumb Code    12  _printf_oct_int_ll.o(.text)
    _printf_longlong_hex                     0x08000979   Thumb Code    86  _printf_hex_int_ll_ptr.o(.text)
    _printf_int_hex                          0x080009cf   Thumb Code    28  _printf_hex_int_ll_ptr.o(.text)
    _printf_ll_hex                           0x080009eb   Thumb Code    12  _printf_hex_int_ll_ptr.o(.text)
    _printf_hex_ptr                          0x080009f7   Thumb Code    18  _printf_hex_int_ll_ptr.o(.text)
    __printf                                 0x08000a0d   Thumb Code   388  __printf_flags_ss_wp.o(.text)
    strtol                                   0x08000b95   Thumb Code   112  strtol.o(.text)
    __user_libspace                          0x08000c05   Thumb Code     8  libspace.o(.text)
    __user_perproc_libspace                  0x08000c05   Thumb Code     0  libspace.o(.text)
    __user_perthread_libspace                0x08000c05   Thumb Code     0  libspace.o(.text)
    __rt_ctype_table                         0x08000c0d   Thumb Code    16  rt_ctype_table.o(.text)
    _ll_udiv10                               0x08000c1d   Thumb Code   138  lludiv10.o(.text)
    _printf_int_common                       0x08000ca7   Thumb Code   178  _printf_intcommon.o(.text)
    __lib_sel_fp_printf                      0x08000d59   Thumb Code     2  _printf_fp_dec.o(.text)
    _printf_fp_dec_real                      0x08000f07   Thumb Code   620  _printf_fp_dec.o(.text)
    _printf_fp_hex_real                      0x08001175   Thumb Code   754  _printf_fp_hex.o(.text)
    _printf_cs_common                        0x08001471   Thumb Code    20  _printf_char.o(.text)
    _printf_char                             0x08001485   Thumb Code    16  _printf_char.o(.text)
    _printf_string                           0x08001495   Thumb Code     8  _printf_char.o(.text)
    _printf_lcs_common                       0x0800149d   Thumb Code    20  _printf_wchar.o(.text)
    _printf_wchar                            0x080014b1   Thumb Code    16  _printf_wchar.o(.text)
    _printf_wstring                          0x080014c1   Thumb Code     8  _printf_wchar.o(.text)
    _strtoul                                 0x080014c9   Thumb Code   158  _strtoul.o(.text)
    _wcrtomb                                 0x08001567   Thumb Code    64  _wcrtomb.o(.text)
    __user_setup_stackheap                   0x080015a7   Thumb Code    74  sys_stackheap_outer.o(.text)
    __rt_locale                              0x080015f1   Thumb Code     8  rt_locale_intlibspace.o(.text)
    _printf_fp_infnan                        0x080015f9   Thumb Code   112  _printf_fp_infnan.o(.text)
    _chval                                   0x08001679   Thumb Code    28  _chval.o(.text)
    _btod_etento                             0x08001695   Thumb Code   216  bigflt0.o(.text)
    exit                                     0x08001771   Thumb Code    12  exit.o(.text)
    strcmp                                   0x0800177d   Thumb Code   128  strcmpv7m.o(.text)
    _sys_exit                                0x080017fd   Thumb Code     8  sys_exit.o(.text)
    __I$use$semihosting                      0x08001809   Thumb Code     0  use_no_semi.o(.text)
    __use_no_semihosting_swi                 0x08001809   Thumb Code     2  use_no_semi.o(.text)
    __semihosting_library_function           0x0800180b   Thumb Code     0  indicate_semi.o(.text)
    _btod_d2e                                0x0800180b   Thumb Code    62  btod.o(CL$$btod_d2e)
    _d2e_denorm_low                          0x08001849   Thumb Code    70  btod.o(CL$$btod_d2e_denorm_low)
    _d2e_norm_op1                            0x0800188f   Thumb Code    96  btod.o(CL$$btod_d2e_norm_op1)
    __btod_div_common                        0x080018ef   Thumb Code   696  btod.o(CL$$btod_div_common)
    _e2e                                     0x08001c27   Thumb Code   198  btod.o(CL$$btod_e2e)
    _btod_ediv                               0x08001ced   Thumb Code    40  btod.o(CL$$btod_ediv)
    _btod_emul                               0x08001d15   Thumb Code    40  btod.o(CL$$btod_emul)
    __btod_mult_common                       0x08001d3d   Thumb Code   580  btod.o(CL$$btod_mult_common)
    BusFault_Handler                         0x08001f81   Thumb Code     2  stm32f4xx_it.o(i.BusFault_Handler)
    DMA2_Stream2_IRQHandler                  0x08001f85   Thumb Code     6  stm32f4xx_it.o(i.DMA2_Stream2_IRQHandler)
    DMA2_Stream7_IRQHandler                  0x08001f91   Thumb Code     6  stm32f4xx_it.o(i.DMA2_Stream7_IRQHandler)
    DataProcess                              0x08002041   Thumb Code    86  uart_dma.o(i.DataProcess)
    DebugMon_Handler                         0x080020a1   Thumb Code     2  stm32f4xx_it.o(i.DebugMon_Handler)
    Error_Handler                            0x080020a3   Thumb Code     2  main.o(i.Error_Handler)
    Flash_Addr_byBlockSectorPage             0x080020a5   Thumb Code    24  w25flash.o(i.Flash_Addr_byBlockSectorPage)
    Flash_EraseBlock64K                      0x080020bd   Thumb Code    86  w25flash.o(i.Flash_EraseBlock64K)
    Flash_ReadBytes                          0x08002119   Thumb Code    82  w25flash.o(i.Flash_ReadBytes)
    Flash_ReadID                             0x08002171   Thumb Code    68  w25flash.o(i.Flash_ReadID)
    Flash_ReadOneByte                        0x080021b9   Thumb Code    82  w25flash.o(i.Flash_ReadOneByte)
    Flash_ReadSR1                            0x08002211   Thumb Code    44  w25flash.o(i.Flash_ReadSR1)
    Flash_ReadSR2                            0x08002241   Thumb Code    44  w25flash.o(i.Flash_ReadSR2)
    Flash_SpliteAddr                         0x08002271   Thumb Code    14  w25flash.o(i.Flash_SpliteAddr)
    Flash_TestRead                           0x08002281   Thumb Code   152  spi.o(i.Flash_TestRead)
    Flash_TestReadStatus                     0x08002375   Thumb Code   126  spi.o(i.Flash_TestReadStatus)
    Flash_TestWrite                          0x08002485   Thumb Code   152  spi.o(i.Flash_TestWrite)
    Flash_Wait_Busy                          0x08002589   Thumb Code    26  w25flash.o(i.Flash_Wait_Busy)
    Flash_WriteInPage                        0x080025a5   Thumb Code    94  w25flash.o(i.Flash_WriteInPage)
    Flash_Write_Enable                       0x08002609   Thumb Code    44  w25flash.o(i.Flash_Write_Enable)
    HAL_DMA_Abort                            0x08002639   Thumb Code   142  stm32f4xx_hal_dma.o(i.HAL_DMA_Abort)
    HAL_DMA_Abort_IT                         0x080026c7   Thumb Code    36  stm32f4xx_hal_dma.o(i.HAL_DMA_Abort_IT)
    HAL_DMA_IRQHandler                       0x080026ed   Thumb Code   412  stm32f4xx_hal_dma.o(i.HAL_DMA_IRQHandler)
    HAL_DMA_Init                             0x0800288d   Thumb Code   206  stm32f4xx_hal_dma.o(i.HAL_DMA_Init)
    HAL_DMA_Start_IT                         0x08002961   Thumb Code   110  stm32f4xx_hal_dma.o(i.HAL_DMA_Start_IT)
    HAL_Delay                                0x080029d1   Thumb Code    32  stm32f4xx_hal.o(i.HAL_Delay)
    HAL_GPIO_Init                            0x080029f5   Thumb Code   394  stm32f4xx_hal_gpio.o(i.HAL_GPIO_Init)
    HAL_GPIO_WritePin                        0x08002bad   Thumb Code    10  stm32f4xx_hal_gpio.o(i.HAL_GPIO_WritePin)
    HAL_GetTick                              0x08002bb9   Thumb Code     6  stm32f4xx_hal.o(i.HAL_GetTick)
    HAL_IncTick                              0x08002bc5   Thumb Code    12  stm32f4xx_hal.o(i.HAL_IncTick)
    HAL_Init                                 0x08002bd5   Thumb Code    48  stm32f4xx_hal.o(i.HAL_Init)
    HAL_InitTick                             0x08002c09   Thumb Code    54  stm32f4xx_hal.o(i.HAL_InitTick)
    HAL_MspInit                              0x08002c49   Thumb Code    42  stm32f4xx_hal_msp.o(i.HAL_MspInit)
    HAL_NVIC_EnableIRQ                       0x08002c79   Thumb Code    26  stm32f4xx_hal_cortex.o(i.HAL_NVIC_EnableIRQ)
    HAL_NVIC_SetPriority                     0x08002c95   Thumb Code    60  stm32f4xx_hal_cortex.o(i.HAL_NVIC_SetPriority)
    HAL_NVIC_SetPriorityGrouping             0x08002cd5   Thumb Code    26  stm32f4xx_hal_cortex.o(i.HAL_NVIC_SetPriorityGrouping)
    HAL_RCC_ClockConfig                      0x08002cf9   Thumb Code   288  stm32f4xx_hal_rcc.o(i.HAL_RCC_ClockConfig)
    HAL_RCC_GetPCLK1Freq                     0x08002e2d   Thumb Code    20  stm32f4xx_hal_rcc.o(i.HAL_RCC_GetPCLK1Freq)
    HAL_RCC_GetPCLK2Freq                     0x08002e4d   Thumb Code    20  stm32f4xx_hal_rcc.o(i.HAL_RCC_GetPCLK2Freq)
    HAL_RCC_GetSysClockFreq                  0x08002e6d   Thumb Code    88  stm32f4xx_hal_rcc.o(i.HAL_RCC_GetSysClockFreq)
    HAL_RCC_OscConfig                        0x08002ecd   Thumb Code   840  stm32f4xx_hal_rcc.o(i.HAL_RCC_OscConfig)
    HAL_SPI_Init                             0x08003229   Thumb Code   128  stm32f4xx_hal_spi.o(i.HAL_SPI_Init)
    HAL_SPI_MspInit                          0x080032a9   Thumb Code    92  spi.o(i.HAL_SPI_MspInit)
    HAL_SPI_Receive                          0x08003311   Thumb Code   336  stm32f4xx_hal_spi.o(i.HAL_SPI_Receive)
    HAL_SPI_Transmit                         0x08003461   Thumb Code   348  stm32f4xx_hal_spi.o(i.HAL_SPI_Transmit)
    HAL_SPI_TransmitReceive                  0x080035bd   Thumb Code   482  stm32f4xx_hal_spi.o(i.HAL_SPI_TransmitReceive)
    HAL_SYSTICK_Config                       0x0800379f   Thumb Code    40  stm32f4xx_hal_cortex.o(i.HAL_SYSTICK_Config)
    HAL_UART_DMAStop                         0x080037c7   Thumb Code    88  stm32f4xx_hal_uart.o(i.HAL_UART_DMAStop)
    HAL_UART_ErrorCallback                   0x0800381f   Thumb Code     2  stm32f4xx_hal_uart.o(i.HAL_UART_ErrorCallback)
    HAL_UART_IRQHandler                      0x08003821   Thumb Code   270  stm32f4xx_hal_uart.o(i.HAL_UART_IRQHandler)
    HAL_UART_IdleCallback                    0x08003935   Thumb Code    26  uart_dma.o(i.HAL_UART_IdleCallback)
    HAL_UART_Init                            0x0800394f   Thumb Code    98  stm32f4xx_hal_uart.o(i.HAL_UART_Init)
    HAL_UART_MspInit                         0x080039b1   Thumb Code   210  usart.o(i.HAL_UART_MspInit)
    HAL_UART_Receive_DMA                     0x08003a99   Thumb Code   138  stm32f4xx_hal_uart.o(i.HAL_UART_Receive_DMA)
    HAL_UART_RxCpltCallback                  0x08003b31   Thumb Code    22  uart_dma.o(i.HAL_UART_RxCpltCallback)
    HAL_UART_RxHalfCpltCallback              0x08003b4d   Thumb Code     2  stm32f4xx_hal_uart.o(i.HAL_UART_RxHalfCpltCallback)
    HAL_UART_Transmit                        0x08003b4f   Thumb Code   186  stm32f4xx_hal_uart.o(i.HAL_UART_Transmit)
    HAL_UART_Transmit_DMA                    0x08003c09   Thumb Code   114  stm32f4xx_hal_uart.o(i.HAL_UART_Transmit_DMA)
    HAL_UART_TxCpltCallback                  0x08003c89   Thumb Code    14  uart_dma.o(i.HAL_UART_TxCpltCallback)
    HAL_UART_TxHalfCpltCallback              0x08003ca1   Thumb Code     2  stm32f4xx_hal_uart.o(i.HAL_UART_TxHalfCpltCallback)
    HardFault_Handler                        0x08003ca3   Thumb Code     2  stm32f4xx_it.o(i.HardFault_Handler)
    MX_DMA_Init                              0x08003ca5   Thumb Code    56  dma.o(i.MX_DMA_Init)
    MX_GPIO_Init                             0x08003ce1   Thumb Code   260  gpio.o(i.MX_GPIO_Init)
    MX_SPI1_Init                             0x08003dfd   Thumb Code    64  spi.o(i.MX_SPI1_Init)
    MX_USART1_UART_Init                      0x08003e45   Thumb Code    48  usart.o(i.MX_USART1_UART_Init)
    MemManage_Handler                        0x08003e7d   Thumb Code     2  stm32f4xx_it.o(i.MemManage_Handler)
    NMI_Handler                              0x08003e7f   Thumb Code     2  stm32f4xx_it.o(i.NMI_Handler)
    PendSV_Handler                           0x08003e81   Thumb Code     2  stm32f4xx_it.o(i.PendSV_Handler)
    ProcessData                              0x08003e85   Thumb Code    60  uart_dma.o(i.ProcessData)
    SPI_ReceiveBytes                         0x08003f81   Thumb Code    12  w25flash.o(i.SPI_ReceiveBytes)
    SPI_ReceiveOneByte                       0x08003f91   Thumb Code    26  w25flash.o(i.SPI_ReceiveOneByte)
    SPI_TransmitBytes                        0x08003fb1   Thumb Code    12  w25flash.o(i.SPI_TransmitBytes)
    SPI_TransmitOneByte                      0x08003fc1   Thumb Code    16  w25flash.o(i.SPI_TransmitOneByte)
    SVC_Handler                              0x08004069   Thumb Code     2  stm32f4xx_it.o(i.SVC_Handler)
    StartUartRxDMA                           0x0800406d   Thumb Code    10  uart_dma.o(i.StartUartRxDMA)
    StartUartTxDMA                           0x08004081   Thumb Code    12  uart_dma.o(i.StartUartTxDMA)
    SysTick_Handler                          0x08004099   Thumb Code     4  stm32f4xx_it.o(i.SysTick_Handler)
    SystemClock_Config                       0x0800409d   Thumb Code   122  main.o(i.SystemClock_Config)
    SystemInit                               0x08004121   Thumb Code    22  system_stm32f4xx.o(i.SystemInit)
    USART1_IRQHandler                        0x080044c9   Thumb Code    28  stm32f4xx_it.o(i.USART1_IRQHandler)
    USB_DMA_printf                           0x080044e9   Thumb Code    32  uart_dma.o(i.USB_DMA_printf)
    USB_printf                               0x08004511   Thumb Code    36  uart_dma.o(i.USB_printf)
    UartRxData                               0x0800453d   Thumb Code   102  uart_dma.o(i.UartRxData)
    UartTxData                               0x080045b1   Thumb Code    38  uart_dma.o(i.UartTxData)
    UsageFault_Handler                       0x080045dd   Thumb Code     2  stm32f4xx_it.o(i.UsageFault_Handler)
    __ARM_fpclassify                         0x080045df   Thumb Code    48  fpclassify.o(i.__ARM_fpclassify)
    _is_digit                                0x0800462f   Thumb Code    14  __printf_wp.o(i._is_digit)
    main                                     0x0800463d   Thumb Code   108  main.o(i.main)
    str2double                               0x080046ed   Thumb Code   208  numandstr.o(i.str2double)
    str2int                                  0x080047c5   Thumb Code    68  numandstr.o(i.str2int)
    _get_lc_ctype                            0x08004809   Thumb Code    44  lc_ctype_c.o(locale$$code)
    _get_lc_numeric                          0x08004835   Thumb Code    44  lc_numeric_c.o(locale$$code)
    __aeabi_ddiv                             0x08004861   Thumb Code     0  ddiv.o(x$fpl$ddiv)
    _ddiv                                    0x08004861   Thumb Code   552  ddiv.o(x$fpl$ddiv)
    __aeabi_i2d                              0x08004b11   Thumb Code     0  dflt_clz.o(x$fpl$dflt)
    _dflt                                    0x08004b11   Thumb Code    46  dflt_clz.o(x$fpl$dflt)
    __fpl_dnaninf                            0x08004b3f   Thumb Code   156  dnaninf.o(x$fpl$dnaninf)
    __fpl_dretinf                            0x08004bdb   Thumb Code    12  dretinf.o(x$fpl$dretinf)
    _fp_init                                 0x08004be7   Thumb Code    10  fpinit.o(x$fpl$fpinit)
    __fplib_config_fpu_vfp                   0x08004bef   Thumb Code     0  fpinit.o(x$fpl$fpinit)
    __fplib_config_pureend_doubles           0x08004bef   Thumb Code     0  fpinit.o(x$fpl$fpinit)
    _printf_fp_dec                           0x08004bf1   Thumb Code     4  printf1.o(x$fpl$printf1)
    _printf_fp_hex                           0x08004bf5   Thumb Code     4  printf2.o(x$fpl$printf2)
    __I$use$fp                               0x08004bf8   Number         0  usenofp.o(x$fpl$usenofp)
    AHBPrescTable                            0x08004c00   Data          16  system_stm32f4xx.o(.constdata)
    APBPrescTable                            0x08004c10   Data           8  system_stm32f4xx.o(.constdata)
    Region$$Table$$Base                      0x08004d14   Number         0  anon$$obj.o(Region$$Table)
    Region$$Table$$Limit                     0x08004d34   Number         0  anon$$obj.o(Region$$Table)
    __ctype                                  0x08004d41   Data           0  lc_ctype_c.o(locale$$data)
    sendCompleteSign                         0x20000000   Data           1  uart_dma.o(.data)
    TxLen                                    0x20000001   Data           1  uart_dma.o(.data)
    flag                                     0x20000002   Data           1  uart_dma.o(.data)
    i                                        0x20000004   Data           4  uart_dma.o(.data)
    a                                        0x20000008   Data           4  uart_dma.o(.data)
    b                                        0x2000000c   Data           4  uart_dma.o(.data)
    c                                        0x20000010   Data           4  uart_dma.o(.data)
    d                                        0x20000018   Data           8  uart_dma.o(.data)
    e                                        0x20000020   Data           8  uart_dma.o(.data)
    f                                        0x20000028   Data           8  uart_dma.o(.data)
    uwTickFreq                               0x20000030   Data           1  stm32f4xx_hal.o(.data)
    uwTickPrio                               0x20000034   Data           4  stm32f4xx_hal.o(.data)
    uwTick                                   0x20000038   Data           4  stm32f4xx_hal.o(.data)
    SystemCoreClock                          0x2000003c   Data           4  system_stm32f4xx.o(.data)
    hspi1                                    0x20000040   Data          88  spi.o(.bss)
    huart1                                   0x20000098   Data          64  usart.o(.bss)
    hdma_usart1_rx                           0x200000d8   Data          96  usart.o(.bss)
    hdma_usart1_tx                           0x20000138   Data          96  usart.o(.bss)
    RxBuffer                                 0x20000198   Data         128  uart_dma.o(.bss)
    TxBuffer                                 0x20000218   Data         128  uart_dma.o(.bss)
    frequency                                0x20000298   Data        1000  uart_dma.o(.bss)
    chazhi                                   0x20000680   Data        1000  uart_dma.o(.bss)
    __libspace_start                         0x20000a68   Data          96  libspace.o(.bss)
    __temporary_stack_top$libspace           0x20000ac8   Data           0  libspace.o(.bss)



==============================================================================

Memory Map of the image

  Image Entry point : 0x08000189

  Load Region LR_IROM1 (Base: 0x08000000, Size: 0x00004ea0, Max: 0x00100000, ABSOLUTE)

    Execution Region ER_IROM1 (Base: 0x08000000, Size: 0x00004e60, Max: 0x00100000, ABSOLUTE)

    Base Addr    Size         Type   Attr      Idx    E Section Name        Object

    0x08000000   0x00000188   Data   RO            3    RESET               startup_stm32f407xx.o
    0x08000188   0x00000008   Code   RO         2632  * !!!main             c_w.l(__main.o)
    0x08000190   0x00000034   Code   RO         2989    !!!scatter          c_w.l(__scatter.o)
    0x080001c4   0x0000001a   Code   RO         2991    !!handler_copy      c_w.l(__scatter_copy.o)
    0x080001de   0x00000002   PAD
    0x080001e0   0x0000001c   Code   RO         2993    !!handler_zi        c_w.l(__scatter_zi.o)
    0x080001fc   0x00000000   Code   RO         2737    .ARM.Collect$$_printf_percent$$00000000  c_w.l(_printf_percent.o)
    0x080001fc   0x00000006   Code   RO         2726    .ARM.Collect$$_printf_percent$$00000001  c_w.l(_printf_n.o)
    0x08000202   0x00000006   Code   RO         2728    .ARM.Collect$$_printf_percent$$00000002  c_w.l(_printf_p.o)
    0x08000208   0x00000006   Code   RO         2733    .ARM.Collect$$_printf_percent$$00000003  c_w.l(_printf_f.o)
    0x0800020e   0x00000006   Code   RO         2734    .ARM.Collect$$_printf_percent$$00000004  c_w.l(_printf_e.o)
    0x08000214   0x00000006   Code   RO         2735    .ARM.Collect$$_printf_percent$$00000005  c_w.l(_printf_g.o)
    0x0800021a   0x00000006   Code   RO         2736    .ARM.Collect$$_printf_percent$$00000006  c_w.l(_printf_a.o)
    0x08000220   0x0000000a   Code   RO         2741    .ARM.Collect$$_printf_percent$$00000007  c_w.l(_printf_ll.o)
    0x0800022a   0x00000006   Code   RO         2730    .ARM.Collect$$_printf_percent$$00000008  c_w.l(_printf_i.o)
    0x08000230   0x00000006   Code   RO         2731    .ARM.Collect$$_printf_percent$$00000009  c_w.l(_printf_d.o)
    0x08000236   0x00000006   Code   RO         2732    .ARM.Collect$$_printf_percent$$0000000A  c_w.l(_printf_u.o)
    0x0800023c   0x00000006   Code   RO         2729    .ARM.Collect$$_printf_percent$$0000000B  c_w.l(_printf_o.o)
    0x08000242   0x00000006   Code   RO         2727    .ARM.Collect$$_printf_percent$$0000000C  c_w.l(_printf_x.o)
    0x08000248   0x00000006   Code   RO         2738    .ARM.Collect$$_printf_percent$$0000000D  c_w.l(_printf_lli.o)
    0x0800024e   0x00000006   Code   RO         2739    .ARM.Collect$$_printf_percent$$0000000E  c_w.l(_printf_lld.o)
    0x08000254   0x00000006   Code   RO         2740    .ARM.Collect$$_printf_percent$$0000000F  c_w.l(_printf_llu.o)
    0x0800025a   0x00000006   Code   RO         2745    .ARM.Collect$$_printf_percent$$00000010  c_w.l(_printf_llo.o)
    0x08000260   0x00000006   Code   RO         2746    .ARM.Collect$$_printf_percent$$00000011  c_w.l(_printf_llx.o)
    0x08000266   0x0000000a   Code   RO         2742    .ARM.Collect$$_printf_percent$$00000012  c_w.l(_printf_l.o)
    0x08000270   0x00000006   Code   RO         2724    .ARM.Collect$$_printf_percent$$00000013  c_w.l(_printf_c.o)
    0x08000276   0x00000006   Code   RO         2725    .ARM.Collect$$_printf_percent$$00000014  c_w.l(_printf_s.o)
    0x0800027c   0x00000006   Code   RO         2743    .ARM.Collect$$_printf_percent$$00000015  c_w.l(_printf_lc.o)
    0x08000282   0x00000006   Code   RO         2744    .ARM.Collect$$_printf_percent$$00000016  c_w.l(_printf_ls.o)
    0x08000288   0x00000004   Code   RO         2799    .ARM.Collect$$_printf_percent$$00000017  c_w.l(_printf_percent_end.o)
    0x0800028c   0x00000002   Code   RO         2857    .ARM.Collect$$libinit$$00000000  c_w.l(libinit.o)
    0x0800028e   0x00000004   Code   RO         2872    .ARM.Collect$$libinit$$00000001  c_w.l(libinit2.o)
    0x08000292   0x00000000   Code   RO         2875    .ARM.Collect$$libinit$$00000004  c_w.l(libinit2.o)
    0x08000292   0x00000000   Code   RO         2878    .ARM.Collect$$libinit$$0000000A  c_w.l(libinit2.o)
    0x08000292   0x00000000   Code   RO         2880    .ARM.Collect$$libinit$$0000000C  c_w.l(libinit2.o)
    0x08000292   0x00000000   Code   RO         2882    .ARM.Collect$$libinit$$0000000E  c_w.l(libinit2.o)
    0x08000292   0x00000006   Code   RO         2883    .ARM.Collect$$libinit$$0000000F  c_w.l(libinit2.o)
    0x08000298   0x00000000   Code   RO         2885    .ARM.Collect$$libinit$$00000011  c_w.l(libinit2.o)
    0x08000298   0x0000000c   Code   RO         2886    .ARM.Collect$$libinit$$00000012  c_w.l(libinit2.o)
    0x080002a4   0x00000000   Code   RO         2887    .ARM.Collect$$libinit$$00000013  c_w.l(libinit2.o)
    0x080002a4   0x00000000   Code   RO         2889    .ARM.Collect$$libinit$$00000015  c_w.l(libinit2.o)
    0x080002a4   0x0000000a   Code   RO         2890    .ARM.Collect$$libinit$$00000016  c_w.l(libinit2.o)
    0x080002ae   0x00000000   Code   RO         2891    .ARM.Collect$$libinit$$00000017  c_w.l(libinit2.o)
    0x080002ae   0x00000000   Code   RO         2893    .ARM.Collect$$libinit$$00000019  c_w.l(libinit2.o)
    0x080002ae   0x00000000   Code   RO         2895    .ARM.Collect$$libinit$$0000001B  c_w.l(libinit2.o)
    0x080002ae   0x00000000   Code   RO         2897    .ARM.Collect$$libinit$$0000001D  c_w.l(libinit2.o)
    0x080002ae   0x00000000   Code   RO         2899    .ARM.Collect$$libinit$$0000001F  c_w.l(libinit2.o)
    0x080002ae   0x00000000   Code   RO         2901    .ARM.Collect$$libinit$$00000021  c_w.l(libinit2.o)
    0x080002ae   0x00000000   Code   RO         2903    .ARM.Collect$$libinit$$00000023  c_w.l(libinit2.o)
    0x080002ae   0x00000000   Code   RO         2905    .ARM.Collect$$libinit$$00000025  c_w.l(libinit2.o)
    0x080002ae   0x00000000   Code   RO         2909    .ARM.Collect$$libinit$$0000002C  c_w.l(libinit2.o)
    0x080002ae   0x00000000   Code   RO         2911    .ARM.Collect$$libinit$$0000002E  c_w.l(libinit2.o)
    0x080002ae   0x00000000   Code   RO         2913    .ARM.Collect$$libinit$$00000030  c_w.l(libinit2.o)
    0x080002ae   0x00000000   Code   RO         2915    .ARM.Collect$$libinit$$00000032  c_w.l(libinit2.o)
    0x080002ae   0x00000002   Code   RO         2916    .ARM.Collect$$libinit$$00000033  c_w.l(libinit2.o)
    0x080002b0   0x00000002   Code   RO         2947    .ARM.Collect$$libshutdown$$00000000  c_w.l(libshutdown.o)
    0x080002b2   0x00000000   Code   RO         2974    .ARM.Collect$$libshutdown$$00000003  c_w.l(libshutdown2.o)
    0x080002b2   0x00000000   Code   RO         2977    .ARM.Collect$$libshutdown$$00000006  c_w.l(libshutdown2.o)
    0x080002b2   0x00000000   Code   RO         2980    .ARM.Collect$$libshutdown$$00000009  c_w.l(libshutdown2.o)
    0x080002b2   0x00000000   Code   RO         2982    .ARM.Collect$$libshutdown$$0000000B  c_w.l(libshutdown2.o)
    0x080002b2   0x00000000   Code   RO         2985    .ARM.Collect$$libshutdown$$0000000E  c_w.l(libshutdown2.o)
    0x080002b2   0x00000002   Code   RO         2986    .ARM.Collect$$libshutdown$$0000000F  c_w.l(libshutdown2.o)
    0x080002b4   0x00000000   Code   RO         2644    .ARM.Collect$$rtentry$$00000000  c_w.l(__rtentry.o)
    0x080002b4   0x00000000   Code   RO         2766    .ARM.Collect$$rtentry$$00000002  c_w.l(__rtentry2.o)
    0x080002b4   0x00000006   Code   RO         2778    .ARM.Collect$$rtentry$$00000004  c_w.l(__rtentry4.o)
    0x080002ba   0x00000000   Code   RO         2768    .ARM.Collect$$rtentry$$00000009  c_w.l(__rtentry2.o)
    0x080002ba   0x00000004   Code   RO         2769    .ARM.Collect$$rtentry$$0000000A  c_w.l(__rtentry2.o)
    0x080002be   0x00000000   Code   RO         2771    .ARM.Collect$$rtentry$$0000000C  c_w.l(__rtentry2.o)
    0x080002be   0x00000008   Code   RO         2772    .ARM.Collect$$rtentry$$0000000D  c_w.l(__rtentry2.o)
    0x080002c6   0x00000002   Code   RO         2862    .ARM.Collect$$rtexit$$00000000  c_w.l(rtexit.o)
    0x080002c8   0x00000000   Code   RO         2920    .ARM.Collect$$rtexit$$00000002  c_w.l(rtexit2.o)
    0x080002c8   0x00000004   Code   RO         2921    .ARM.Collect$$rtexit$$00000003  c_w.l(rtexit2.o)
    0x080002cc   0x00000006   Code   RO         2922    .ARM.Collect$$rtexit$$00000004  c_w.l(rtexit2.o)
    0x080002d2   0x00000002   PAD
    0x080002d4   0x00000040   Code   RO            4    .text               startup_stm32f407xx.o
    0x08000314   0x000000ee   Code   RO         2614    .text               c_w.l(lludivv7m.o)
    0x08000402   0x00000002   PAD
    0x08000404   0x00000034   Code   RO         2616    .text               c_w.l(vsnprintf.o)
    0x08000438   0x0000001a   Code   RO         2618    .text               c_w.l(atoi.o)
    0x08000452   0x0000003e   Code   RO         2620    .text               c_w.l(strlen.o)
    0x08000490   0x0000008a   Code   RO         2622    .text               c_w.l(rt_memcpy_v6.o)
    0x0800051a   0x00000064   Code   RO         2624    .text               c_w.l(rt_memcpy_w.o)
    0x0800057e   0x00000044   Code   RO         2626    .text               c_w.l(rt_memclr.o)
    0x080005c2   0x0000004e   Code   RO         2628    .text               c_w.l(rt_memclr_w.o)
    0x08000610   0x00000006   Code   RO         2630    .text               c_w.l(heapauxi.o)
    0x08000616   0x00000002   PAD
    0x08000618   0x00000008   Code   RO         2652    .text               c_w.l(rt_errno_addr_intlibspace.o)
    0x08000620   0x0000004e   Code   RO         2656    .text               c_w.l(_printf_pad.o)
    0x0800066e   0x00000024   Code   RO         2658    .text               c_w.l(_printf_truncate.o)
    0x08000692   0x00000052   Code   RO         2660    .text               c_w.l(_printf_str.o)
    0x080006e4   0x00000078   Code   RO         2662    .text               c_w.l(_printf_dec.o)
    0x0800075c   0x00000028   Code   RO         2664    .text               c_w.l(_printf_charcount.o)
    0x08000784   0x00000030   Code   RO         2666    .text               c_w.l(_printf_char_common.o)
    0x080007b4   0x0000000a   Code   RO         2668    .text               c_w.l(_sputc.o)
    0x080007be   0x00000010   Code   RO         2670    .text               c_w.l(_snputc.o)
    0x080007ce   0x00000002   PAD
    0x080007d0   0x000000bc   Code   RO         2672    .text               c_w.l(_printf_wctomb.o)
    0x0800088c   0x0000007c   Code   RO         2675    .text               c_w.l(_printf_longlong_dec.o)
    0x08000908   0x00000070   Code   RO         2681    .text               c_w.l(_printf_oct_int_ll.o)
    0x08000978   0x00000094   Code   RO         2701    .text               c_w.l(_printf_hex_int_ll_ptr.o)
    0x08000a0c   0x00000188   Code   RO         2721    .text               c_w.l(__printf_flags_ss_wp.o)
    0x08000b94   0x00000070   Code   RO         2747    .text               c_w.l(strtol.o)
    0x08000c04   0x00000008   Code   RO         2762    .text               c_w.l(libspace.o)
    0x08000c0c   0x00000010   Code   RO         2780    .text               c_w.l(rt_ctype_table.o)
    0x08000c1c   0x0000008a   Code   RO         2784    .text               c_w.l(lludiv10.o)
    0x08000ca6   0x000000b2   Code   RO         2786    .text               c_w.l(_printf_intcommon.o)
    0x08000d58   0x0000041a   Code   RO         2788    .text               c_w.l(_printf_fp_dec.o)
    0x08001172   0x00000002   PAD
    0x08001174   0x000002fc   Code   RO         2790    .text               c_w.l(_printf_fp_hex.o)
    0x08001470   0x0000002c   Code   RO         2795    .text               c_w.l(_printf_char.o)
    0x0800149c   0x0000002c   Code   RO         2797    .text               c_w.l(_printf_wchar.o)
    0x080014c8   0x0000009e   Code   RO         2800    .text               c_w.l(_strtoul.o)
    0x08001566   0x00000040   Code   RO         2802    .text               c_w.l(_wcrtomb.o)
    0x080015a6   0x0000004a   Code   RO         2804    .text               c_w.l(sys_stackheap_outer.o)
    0x080015f0   0x00000008   Code   RO         2809    .text               c_w.l(rt_locale_intlibspace.o)
    0x080015f8   0x00000080   Code   RO         2811    .text               c_w.l(_printf_fp_infnan.o)
    0x08001678   0x0000001c   Code   RO         2813    .text               c_w.l(_chval.o)
    0x08001694   0x000000dc   Code   RO         2815    .text               c_w.l(bigflt0.o)
    0x08001770   0x0000000c   Code   RO         2846    .text               c_w.l(exit.o)
    0x0800177c   0x00000080   Code   RO         2870    .text               c_w.l(strcmpv7m.o)
    0x080017fc   0x0000000c   Code   RO         2917    .text               c_w.l(sys_exit.o)
    0x08001808   0x00000002   Code   RO         2936    .text               c_w.l(use_no_semi.o)
    0x0800180a   0x00000000   Code   RO         2938    .text               c_w.l(indicate_semi.o)
    0x0800180a   0x0000003e   Code   RO         2818    CL$$btod_d2e        c_w.l(btod.o)
    0x08001848   0x00000046   Code   RO         2820    CL$$btod_d2e_denorm_low  c_w.l(btod.o)
    0x0800188e   0x00000060   Code   RO         2819    CL$$btod_d2e_norm_op1  c_w.l(btod.o)
    0x080018ee   0x00000338   Code   RO         2828    CL$$btod_div_common  c_w.l(btod.o)
    0x08001c26   0x000000c6   Code   RO         2825    CL$$btod_e2e        c_w.l(btod.o)
    0x08001cec   0x00000028   Code   RO         2822    CL$$btod_ediv       c_w.l(btod.o)
    0x08001d14   0x00000028   Code   RO         2821    CL$$btod_emul       c_w.l(btod.o)
    0x08001d3c   0x00000244   Code   RO         2827    CL$$btod_mult_common  c_w.l(btod.o)
    0x08001f80   0x00000002   Code   RO          317    i.BusFault_Handler  stm32f4xx_it.o
    0x08001f82   0x00000002   PAD
    0x08001f84   0x0000000c   Code   RO          318    i.DMA2_Stream2_IRQHandler  stm32f4xx_it.o
    0x08001f90   0x0000000c   Code   RO          319    i.DMA2_Stream7_IRQHandler  stm32f4xx_it.o
    0x08001f9c   0x00000028   Code   RO         1542    i.DMA_CalcBaseAndBitshift  stm32f4xx_hal_dma.o
    0x08001fc4   0x00000054   Code   RO         1543    i.DMA_CheckFifoParam  stm32f4xx_hal_dma.o
    0x08002018   0x00000028   Code   RO         1544    i.DMA_SetConfig     stm32f4xx_hal_dma.o
    0x08002040   0x00000060   Code   RO          439    i.DataProcess       uart_dma.o
    0x080020a0   0x00000002   Code   RO          320    i.DebugMon_Handler  stm32f4xx_it.o
    0x080020a2   0x00000002   Code   RO           13    i.Error_Handler     main.o
    0x080020a4   0x00000018   Code   RO          542    i.Flash_Addr_byBlockSectorPage  w25flash.o
    0x080020bc   0x0000005c   Code   RO          545    i.Flash_EraseBlock64K  w25flash.o
    0x08002118   0x00000058   Code   RO          550    i.Flash_ReadBytes   w25flash.o
    0x08002170   0x00000048   Code   RO          551    i.Flash_ReadID      w25flash.o
    0x080021b8   0x00000058   Code   RO          552    i.Flash_ReadOneByte  w25flash.o
    0x08002210   0x00000030   Code   RO          553    i.Flash_ReadSR1     w25flash.o
    0x08002240   0x00000030   Code   RO          554    i.Flash_ReadSR2     w25flash.o
    0x08002270   0x0000000e   Code   RO          556    i.Flash_SpliteAddr  w25flash.o
    0x0800227e   0x00000002   PAD
    0x08002280   0x000000f4   Code   RO          212    i.Flash_TestRead    spi.o
    0x08002374   0x00000110   Code   RO          213    i.Flash_TestReadStatus  spi.o
    0x08002484   0x00000104   Code   RO          214    i.Flash_TestWrite   spi.o
    0x08002588   0x0000001a   Code   RO          557    i.Flash_Wait_Busy   w25flash.o
    0x080025a2   0x00000002   PAD
    0x080025a4   0x00000064   Code   RO          559    i.Flash_WriteInPage  w25flash.o
    0x08002608   0x00000030   Code   RO          564    i.Flash_Write_Enable  w25flash.o
    0x08002638   0x0000008e   Code   RO         1545    i.HAL_DMA_Abort     stm32f4xx_hal_dma.o
    0x080026c6   0x00000024   Code   RO         1546    i.HAL_DMA_Abort_IT  stm32f4xx_hal_dma.o
    0x080026ea   0x00000002   PAD
    0x080026ec   0x000001a0   Code   RO         1550    i.HAL_DMA_IRQHandler  stm32f4xx_hal_dma.o
    0x0800288c   0x000000d4   Code   RO         1551    i.HAL_DMA_Init      stm32f4xx_hal_dma.o
    0x08002960   0x0000006e   Code   RO         1555    i.HAL_DMA_Start_IT  stm32f4xx_hal_dma.o
    0x080029ce   0x00000002   PAD
    0x080029d0   0x00000024   Code   RO         1964    i.HAL_Delay         stm32f4xx_hal.o
    0x080029f4   0x000001b8   Code   RO         1438    i.HAL_GPIO_Init     stm32f4xx_hal_gpio.o
    0x08002bac   0x0000000a   Code   RO         1442    i.HAL_GPIO_WritePin  stm32f4xx_hal_gpio.o
    0x08002bb6   0x00000002   PAD
    0x08002bb8   0x0000000c   Code   RO         1970    i.HAL_GetTick       stm32f4xx_hal.o
    0x08002bc4   0x00000010   Code   RO         1976    i.HAL_IncTick       stm32f4xx_hal.o
    0x08002bd4   0x00000034   Code   RO         1977    i.HAL_Init          stm32f4xx_hal.o
    0x08002c08   0x00000040   Code   RO         1978    i.HAL_InitTick      stm32f4xx_hal.o
    0x08002c48   0x00000030   Code   RO          415    i.HAL_MspInit       stm32f4xx_hal_msp.o
    0x08002c78   0x0000001a   Code   RO         1827    i.HAL_NVIC_EnableIRQ  stm32f4xx_hal_cortex.o
    0x08002c92   0x00000002   PAD
    0x08002c94   0x00000040   Code   RO         1833    i.HAL_NVIC_SetPriority  stm32f4xx_hal_cortex.o
    0x08002cd4   0x00000024   Code   RO         1834    i.HAL_NVIC_SetPriorityGrouping  stm32f4xx_hal_cortex.o
    0x08002cf8   0x00000134   Code   RO         1084    i.HAL_RCC_ClockConfig  stm32f4xx_hal_rcc.o
    0x08002e2c   0x00000020   Code   RO         1091    i.HAL_RCC_GetPCLK1Freq  stm32f4xx_hal_rcc.o
    0x08002e4c   0x00000020   Code   RO         1092    i.HAL_RCC_GetPCLK2Freq  stm32f4xx_hal_rcc.o
    0x08002e6c   0x00000060   Code   RO         1093    i.HAL_RCC_GetSysClockFreq  stm32f4xx_hal_rcc.o
    0x08002ecc   0x0000035c   Code   RO         1096    i.HAL_RCC_OscConfig  stm32f4xx_hal_rcc.o
    0x08003228   0x00000080   Code   RO          772    i.HAL_SPI_Init      stm32f4xx_hal_spi.o
    0x080032a8   0x00000068   Code   RO          216    i.HAL_SPI_MspInit   spi.o
    0x08003310   0x00000150   Code   RO          775    i.HAL_SPI_Receive   stm32f4xx_hal_spi.o
    0x08003460   0x0000015c   Code   RO          780    i.HAL_SPI_Transmit  stm32f4xx_hal_spi.o
    0x080035bc   0x000001e2   Code   RO          781    i.HAL_SPI_TransmitReceive  stm32f4xx_hal_spi.o
    0x0800379e   0x00000028   Code   RO         1838    i.HAL_SYSTICK_Config  stm32f4xx_hal_cortex.o
    0x080037c6   0x00000058   Code   RO         2270    i.HAL_UART_DMAStop  stm32f4xx_hal_uart.o
    0x0800381e   0x00000002   Code   RO         2272    i.HAL_UART_ErrorCallback  stm32f4xx_hal_uart.o
    0x08003820   0x00000114   Code   RO         2275    i.HAL_UART_IRQHandler  stm32f4xx_hal_uart.o
    0x08003934   0x0000001a   Code   RO          440    i.HAL_UART_IdleCallback  uart_dma.o
    0x0800394e   0x00000062   Code   RO         2276    i.HAL_UART_Init     stm32f4xx_hal_uart.o
    0x080039b0   0x000000e8   Code   RO          276    i.HAL_UART_MspInit  usart.o
    0x08003a98   0x00000098   Code   RO         2280    i.HAL_UART_Receive_DMA  stm32f4xx_hal_uart.o
    0x08003b30   0x0000001c   Code   RO          441    i.HAL_UART_RxCpltCallback  uart_dma.o
    0x08003b4c   0x00000002   Code   RO         2283    i.HAL_UART_RxHalfCpltCallback  stm32f4xx_hal_uart.o
    0x08003b4e   0x000000ba   Code   RO         2284    i.HAL_UART_Transmit  stm32f4xx_hal_uart.o
    0x08003c08   0x00000080   Code   RO         2285    i.HAL_UART_Transmit_DMA  stm32f4xx_hal_uart.o
    0x08003c88   0x00000018   Code   RO          442    i.HAL_UART_TxCpltCallback  uart_dma.o
    0x08003ca0   0x00000002   Code   RO         2288    i.HAL_UART_TxHalfCpltCallback  stm32f4xx_hal_uart.o
    0x08003ca2   0x00000002   Code   RO          321    i.HardFault_Handler  stm32f4xx_it.o
    0x08003ca4   0x0000003c   Code   RO          188    i.MX_DMA_Init       dma.o
    0x08003ce0   0x0000011c   Code   RO          164    i.MX_GPIO_Init      gpio.o
    0x08003dfc   0x00000048   Code   RO          217    i.MX_SPI1_Init      spi.o
    0x08003e44   0x00000038   Code   RO          277    i.MX_USART1_UART_Init  usart.o
    0x08003e7c   0x00000002   Code   RO          322    i.MemManage_Handler  stm32f4xx_it.o
    0x08003e7e   0x00000002   Code   RO          323    i.NMI_Handler       stm32f4xx_it.o
    0x08003e80   0x00000002   Code   RO          324    i.PendSV_Handler    stm32f4xx_it.o
    0x08003e82   0x00000002   PAD
    0x08003e84   0x00000048   Code   RO          443    i.ProcessData       uart_dma.o
    0x08003ecc   0x0000005c   Code   RO          809    i.SPI_EndRxTransaction  stm32f4xx_hal_spi.o
    0x08003f28   0x00000058   Code   RO          810    i.SPI_EndRxTxTransaction  stm32f4xx_hal_spi.o
    0x08003f80   0x00000010   Code   RO          565    i.SPI_ReceiveBytes  w25flash.o
    0x08003f90   0x00000020   Code   RO          566    i.SPI_ReceiveOneByte  w25flash.o
    0x08003fb0   0x00000010   Code   RO          567    i.SPI_TransmitBytes  w25flash.o
    0x08003fc0   0x00000014   Code   RO          568    i.SPI_TransmitOneByte  w25flash.o
    0x08003fd4   0x00000094   Code   RO          815    i.SPI_WaitFlagStateUntilTimeout  stm32f4xx_hal_spi.o
    0x08004068   0x00000002   Code   RO          325    i.SVC_Handler       stm32f4xx_it.o
    0x0800406a   0x00000002   PAD
    0x0800406c   0x00000014   Code   RO          444    i.StartUartRxDMA    uart_dma.o
    0x08004080   0x00000018   Code   RO          445    i.StartUartTxDMA    uart_dma.o
    0x08004098   0x00000004   Code   RO          326    i.SysTick_Handler   stm32f4xx_it.o
    0x0800409c   0x00000084   Code   RO           14    i.SystemClock_Config  main.o
    0x08004120   0x0000001c   Code   RO         2578    i.SystemInit        system_stm32f4xx.o
    0x0800413c   0x00000010   Code   RO         2289    i.UART_DMAAbortOnError  stm32f4xx_hal_uart.o
    0x0800414c   0x0000004a   Code   RO         2290    i.UART_DMAError     stm32f4xx_hal_uart.o
    0x08004196   0x0000003c   Code   RO         2291    i.UART_DMAReceiveCplt  stm32f4xx_hal_uart.o
    0x080041d2   0x0000000a   Code   RO         2293    i.UART_DMARxHalfCplt  stm32f4xx_hal_uart.o
    0x080041dc   0x0000002e   Code   RO         2295    i.UART_DMATransmitCplt  stm32f4xx_hal_uart.o
    0x0800420a   0x0000000a   Code   RO         2297    i.UART_DMATxHalfCplt  stm32f4xx_hal_uart.o
    0x08004214   0x0000001c   Code   RO         2299    i.UART_EndRxTransfer  stm32f4xx_hal_uart.o
    0x08004230   0x00000012   Code   RO         2300    i.UART_EndTxTransfer  stm32f4xx_hal_uart.o
    0x08004242   0x00000096   Code   RO         2301    i.UART_Receive_IT   stm32f4xx_hal_uart.o
    0x080042d8   0x00000128   Code   RO         2302    i.UART_SetConfig    stm32f4xx_hal_uart.o
    0x08004400   0x00000062   Code   RO         2303    i.UART_Transmit_IT  stm32f4xx_hal_uart.o
    0x08004462   0x00000064   Code   RO         2304    i.UART_WaitOnFlagUntilTimeout  stm32f4xx_hal_uart.o
    0x080044c6   0x00000002   PAD
    0x080044c8   0x00000020   Code   RO          327    i.USART1_IRQHandler  stm32f4xx_it.o
    0x080044e8   0x00000028   Code   RO          446    i.USB_DMA_printf    uart_dma.o
    0x08004510   0x0000002c   Code   RO          447    i.USB_printf        uart_dma.o
    0x0800453c   0x00000074   Code   RO          448    i.UartRxData        uart_dma.o
    0x080045b0   0x0000002c   Code   RO          449    i.UartTxData        uart_dma.o
    0x080045dc   0x00000002   Code   RO          328    i.UsageFault_Handler  stm32f4xx_it.o
    0x080045de   0x00000030   Code   RO         2860    i.__ARM_fpclassify  m_wm.l(fpclassify.o)
    0x0800460e   0x00000020   Code   RO         1840    i.__NVIC_SetPriority  stm32f4xx_hal_cortex.o
    0x0800462e   0x0000000e   Code   RO         2714    i._is_digit         c_w.l(__printf_wp.o)
    0x0800463c   0x000000b0   Code   RO           15    i.main              main.o
    0x080046ec   0x000000d8   Code   RO          728    i.str2double        numandstr.o
    0x080047c4   0x00000044   Code   RO          729    i.str2int           numandstr.o
    0x08004808   0x0000002c   Code   RO         2841    locale$$code        c_w.l(lc_ctype_c.o)
    0x08004834   0x0000002c   Code   RO         2844    locale$$code        c_w.l(lc_numeric_c.o)
    0x08004860   0x000002b0   Code   RO         2635    x$fpl$ddiv          fz_wm.l(ddiv.o)
    0x08004b10   0x0000002e   Code   RO         2639    x$fpl$dflt          fz_wm.l(dflt_clz.o)
    0x08004b3e   0x0000009c   Code   RO         2749    x$fpl$dnaninf       fz_wm.l(dnaninf.o)
    0x08004bda   0x0000000c   Code   RO         2751    x$fpl$dretinf       fz_wm.l(dretinf.o)
    0x08004be6   0x0000000a   Code   RO         2932    x$fpl$fpinit        fz_wm.l(fpinit.o)
    0x08004bf0   0x00000004   Code   RO         2753    x$fpl$printf1       fz_wm.l(printf1.o)
    0x08004bf4   0x00000004   Code   RO         2755    x$fpl$printf2       fz_wm.l(printf2.o)
    0x08004bf8   0x00000000   Code   RO         2761    x$fpl$usenofp       fz_wm.l(usenofp.o)
    0x08004bf8   0x00000008   Data   RO         1557    .constdata          stm32f4xx_hal_dma.o
    0x08004c00   0x00000010   Data   RO         2579    .constdata          system_stm32f4xx.o
    0x08004c10   0x00000008   Data   RO         2580    .constdata          system_stm32f4xx.o
    0x08004c18   0x00000008   Data   RO         2673    .constdata          c_w.l(_printf_wctomb.o)
    0x08004c20   0x00000028   Data   RO         2702    .constdata          c_w.l(_printf_hex_int_ll_ptr.o)
    0x08004c48   0x00000011   Data   RO         2722    .constdata          c_w.l(__printf_flags_ss_wp.o)
    0x08004c59   0x00000026   Data   RO         2791    .constdata          c_w.l(_printf_fp_hex.o)
    0x08004c7f   0x00000001   PAD
    0x08004c80   0x00000094   Data   RO         2816    .constdata          c_w.l(bigflt0.o)
    0x08004d14   0x00000020   Data   RO         2987    Region$$Table       anon$$obj.o
    0x08004d34   0x00000110   Data   RO         2840    locale$$data        c_w.l(lc_ctype_c.o)
    0x08004e44   0x0000001c   Data   RO         2843    locale$$data        c_w.l(lc_numeric_c.o)


    Execution Region RW_IRAM1 (Base: 0x20000000, Size: 0x000010c8, Max: 0x0001c000, ABSOLUTE)

    Base Addr    Size         Type   Attr      Idx    E Section Name        Object

    0x20000000   0x00000030   Data   RW          451    .data               uart_dma.o
    0x20000030   0x0000000c   Data   RW         1984    .data               stm32f4xx_hal.o
    0x2000003c   0x00000004   Data   RW         2581    .data               system_stm32f4xx.o
    0x20000040   0x00000058   Zero   RW          218    .bss                spi.o
    0x20000098   0x00000100   Zero   RW          278    .bss                usart.o
    0x20000198   0x000008d0   Zero   RW          450    .bss                uart_dma.o
    0x20000a68   0x00000060   Zero   RW         2763    .bss                c_w.l(libspace.o)
    0x20000ac8   0x00000200   Zero   RW            2    HEAP                startup_stm32f407xx.o
    0x20000cc8   0x00000400   Zero   RW            1    STACK               startup_stm32f407xx.o


    Execution Region RW_IRAM2 (Base: 0x2001c000, Size: 0x00000000, Max: 0x00004000, ABSOLUTE)

    **** No section assigned to this execution region ****


==============================================================================

Image component sizes


      Code (inc. data)   RO Data    RW Data    ZI Data      Debug   Object Name

        60          4          0          0          0        822   dma.o
       284         24          0          0          0       1127   gpio.o
       310         78          0          0          0     663869   main.o
       284          8          0          0          0       1983   numandstr.o
       952        366          0          0         88       4015   spi.o
        64         26        392          0       1536        876   startup_stm32f407xx.o
       180         28          0         12          0       9577   stm32f4xx_hal.o
       198         14          0          0          0      33771   stm32f4xx_hal_cortex.o
      1080         16          8          0          0       6830   stm32f4xx_hal_dma.o
       450         46          0          0          0       2264   stm32f4xx_hal_gpio.o
        48          6          0          0          0        890   stm32f4xx_hal_msp.o
      1328         72          0          0          0       5192   stm32f4xx_hal_rcc.o
      1622          8          0          0          0       6950   stm32f4xx_hal_spi.o
      1840         44          0          0          0      15113   stm32f4xx_hal_uart.o
        76         16          0          0          0       5922   stm32f4xx_it.o
        28          6         24          4          0       1223   system_stm32f4xx.o
       534         96          0         48       2256       8197   uart_dma.o
       288         30          0          0        256       1936   usart.o
       732         58          0          0          0       9128   w25flash.o

    ----------------------------------------------------------------------
     10378        946        456         64       4136     779685   Object Totals
         0          0         32          0          0          0   (incl. Generated)
        20          0          0          0          0          0   (incl. Padding)

    ----------------------------------------------------------------------

      Code (inc. data)   RO Data    RW Data    ZI Data      Debug   Library Member Name

         8          0          0          0          0         68   __main.o
       392          4         17          0          0         92   __printf_flags_ss_wp.o
        14          0          0          0          0         68   __printf_wp.o
         0          0          0          0          0          0   __rtentry.o
        12          0          0          0          0          0   __rtentry2.o
         6          0          0          0          0          0   __rtentry4.o
        52          8          0          0          0          0   __scatter.o
        26          0          0          0          0          0   __scatter_copy.o
        28          0          0          0          0          0   __scatter_zi.o
        28          0          0          0          0         68   _chval.o
         6          0          0          0          0          0   _printf_a.o
         6          0          0          0          0          0   _printf_c.o
        44          0          0          0          0        108   _printf_char.o
        48          6          0          0          0         96   _printf_char_common.o
        40          0          0          0          0         68   _printf_charcount.o
         6          0          0          0          0          0   _printf_d.o
       120         16          0          0          0         92   _printf_dec.o
         6          0          0          0          0          0   _printf_e.o
         6          0          0          0          0          0   _printf_f.o
      1050          0          0          0          0        216   _printf_fp_dec.o
       764         10         38          0          0        100   _printf_fp_hex.o
       128         16          0          0          0         84   _printf_fp_infnan.o
         6          0          0          0          0          0   _printf_g.o
       148          4         40          0          0        160   _printf_hex_int_ll_ptr.o
         6          0          0          0          0          0   _printf_i.o
       178          0          0          0          0         88   _printf_intcommon.o
        10          0          0          0          0          0   _printf_l.o
         6          0          0          0          0          0   _printf_lc.o
        10          0          0          0          0          0   _printf_ll.o
         6          0          0          0          0          0   _printf_lld.o
         6          0          0          0          0          0   _printf_lli.o
         6          0          0          0          0          0   _printf_llo.o
         6          0          0          0          0          0   _printf_llu.o
         6          0          0          0          0          0   _printf_llx.o
       124         16          0          0          0         92   _printf_longlong_dec.o
         6          0          0          0          0          0   _printf_ls.o
         6          0          0          0          0          0   _printf_n.o
         6          0          0          0          0          0   _printf_o.o
       112          8          0          0          0        124   _printf_oct_int_ll.o
         6          0          0          0          0          0   _printf_p.o
        78          0          0          0          0        108   _printf_pad.o
         0          0          0          0          0          0   _printf_percent.o
         4          0          0          0          0          0   _printf_percent_end.o
         6          0          0          0          0          0   _printf_s.o
        82          0          0          0          0         80   _printf_str.o
        36          0          0          0          0         84   _printf_truncate.o
         6          0          0          0          0          0   _printf_u.o
        44          0          0          0          0        108   _printf_wchar.o
       188          6          8          0          0         92   _printf_wctomb.o
         6          0          0          0          0          0   _printf_x.o
        16          0          0          0          0         68   _snputc.o
        10          0          0          0          0         68   _sputc.o
       158          0          0          0          0         92   _strtoul.o
        64          0          0          0          0         92   _wcrtomb.o
        26          0          0          0          0         80   atoi.o
       220          4        148          0          0         96   bigflt0.o
      1910        128          0          0          0        672   btod.o
        12          0          0          0          0         72   exit.o
         6          0          0          0          0        152   heapauxi.o
         0          0          0          0          0          0   indicate_semi.o
        44         10        272          0          0         76   lc_ctype_c.o
        44         10         28          0          0         76   lc_numeric_c.o
         2          0          0          0          0          0   libinit.o
        34          0          0          0          0          0   libinit2.o
         2          0          0          0          0          0   libshutdown.o
         2          0          0          0          0          0   libshutdown2.o
         8          4          0          0         96         68   libspace.o
       138          0          0          0          0         80   lludiv10.o
       238          0          0          0          0        100   lludivv7m.o
        16          4          0          0          0         76   rt_ctype_table.o
         8          4          0          0          0         68   rt_errno_addr_intlibspace.o
         8          4          0          0          0         68   rt_locale_intlibspace.o
        68          0          0          0          0         68   rt_memclr.o
        78          0          0          0          0         80   rt_memclr_w.o
       138          0          0          0          0         68   rt_memcpy_v6.o
       100          0          0          0          0         80   rt_memcpy_w.o
         2          0          0          0          0          0   rtexit.o
        10          0          0          0          0          0   rtexit2.o
       128          0          0          0          0         68   strcmpv7m.o
        62          0          0          0          0         76   strlen.o
       112          0          0          0          0         88   strtol.o
        12          4          0          0          0         68   sys_exit.o
        74          0          0          0          0         80   sys_stackheap_outer.o
         2          0          0          0          0         68   use_no_semi.o
        52          4          0          0          0         80   vsnprintf.o
       688        140          0          0          0        256   ddiv.o
        46          0          0          0          0        116   dflt_clz.o
       156          4          0          0          0        140   dnaninf.o
        12          0          0          0          0        116   dretinf.o
        10          0          0          0          0        116   fpinit.o
         4          0          0          0          0        116   printf1.o
         4          0          0          0          0        116   printf2.o
         0          0          0          0          0          0   usenofp.o
        48          0          0          0          0        124   fpclassify.o

    ----------------------------------------------------------------------
      8678        414        552          0         96       5924   Library Totals
        12          0          1          0          0          0   (incl. Padding)

    ----------------------------------------------------------------------

      Code (inc. data)   RO Data    RW Data    ZI Data      Debug   Library Name

      7698        270        551          0         96       4824   c_w.l
       920        144          0          0          0        976   fz_wm.l
        48          0          0          0          0        124   m_wm.l

    ----------------------------------------------------------------------
      8678        414        552          0         96       5924   Library Totals

    ----------------------------------------------------------------------

==============================================================================


      Code (inc. data)   RO Data    RW Data    ZI Data      Debug   

     19056       1360       1008         64       4232     772205   Grand Totals
     19056       1360       1008         64       4232     772205   ELF Image Totals
     19056       1360       1008         64          0          0   ROM Totals

==============================================================================

    Total RO  Size (Code + RO Data)                20064 (  19.59kB)
    Total RW  Size (RW Data + ZI Data)              4296 (   4.20kB)
    Total ROM Size (Code + RO Data + RW Data)      20128 (  19.66kB)

==============================================================================

